192.168.7.11 - - [18/Apr/2022:21:24:53 -0300] "GET / HTTP/1.1" 200 2084 "-" "Mozilla/5.0 (X11; CrOS armv7l 13597.84.0) AppleWebKit/537.36 (KHTML, like Gecko) Chrome/88.0.4324.187 Safari/537.36"
192.168.7.11 - - [18/Apr/2022:21:24:56 -0300] "GET /favicon.ico HTTP/1.1" 404 445 "http://192.168.7.11:1515/" "Mozilla/5.0 (X11; CrOS armv7l 13597.84.0) AppleWebKit/537.36 (KHTML, like Gecko) Chrome/88.0.4324.187 Safari/537.36"
192.168.7.11 - - [19/Apr/2022:19:39:55 -0300] "GET / HTTP/1.1" 200 2084 "-" "Mozilla/5.0 (X11; CrOS armv7l 13597.84.0) AppleWebKit/537.36 (KHTML, like Gecko) Chrome/88.0.4324.187 Safari/537.36"
192.168.7.11 - - [19/Apr/2022:19:39:59 -0300] "GET /favicon.ico HTTP/1.1" 404 445 "http://192.168.7.11:1515/" "Mozilla/5.0 (X11; CrOS armv7l 13597.84.0) AppleWebKit/537.36 (KHTML, like Gecko) Chrome/88.0.4324.187 Safari/537.36"
192.168.7.11 - - [19/Apr/2022:20:35:30 -0300] "GET /favicon.ico HTTP/1.1" 404 446 "http://192.168.7.11:1515/" "Mozilla/5.0 (X11; CrOS armv7l 13597.84.0) AppleWebKit/537.36 (KHTML, like Gecko) Chrome/88.0.4324.187 Safari/537.36"
192.168.7.11 - - [19/Apr/2022:21:24:06 -0300] "GET / HTTP/1.1" 200 2084 "-" "Mozilla/5.0 (X11; CrOS armv7l 13597.84.0) AppleWebKit/537.36 (KHTML, like Gecko) Chrome/88.0.4324.187 Safari/537.36"
192.168.7.11 - - [19/Apr/2022:21:24:29 -0300] "GET /api/data/zenbo/awake HTTP/1.1" 200 305 "-" "Mozilla/5.0 (X11; CrOS armv7l 13597.84.0) AppleWebKit/537.36 (KHTML, like Gecko) Chrome/88.0.4324.187 Safari/537.36"
192.168.7.11 - - [19/Apr/2022:21:30:39 -0300] "GET /api/data/zenbo/awake HTTP/1.1" 200 305 "-" "Mozilla/5.0 (X11; CrOS armv7l 13597.84.0) AppleWebKit/537.36 (KHTML, like Gecko) Chrome/88.0.4324.187 Safari/537.36"
192.168.7.11 - - [19/Apr/2022:21:33:38 -0300] "GET /api/data/zenbo/awake HTTP/1.1" 200 305 "-" "Mozilla/5.0 (X11; CrOS armv7l 13597.84.0) AppleWebKit/537.36 (KHTML, like Gecko) Chrome/88.0.4324.187 Safari/537.36"
192.168.7.11 - - [19/Apr/2022:21:33:46 -0300] "GET /favicon.ico HTTP/1.1" 404 445 "http://192.168.7.11:1515/api/data/zenbo/awake" "Mozilla/5.0 (X11; CrOS armv7l 13597.84.0) AppleWebKit/537.36 (KHTML, like Gecko) Chrome/88.0.4324.187 Safari/537.36"
192.168.7.11 - - [21/Apr/2022:12:02:49 -0300] "GET / HTTP/1.1" 200 2084 "-" "Mozilla/5.0 (X11; CrOS armv7l 13597.84.0) AppleWebKit/537.36 (KHTML, like Gecko) Chrome/88.0.4324.187 Safari/537.36"
192.168.7.11 - - [21/Apr/2022:12:02:52 -0300] "GET /favicon.ico HTTP/1.1" 404 445 "http://192.168.7.11:1515/" "Mozilla/5.0 (X11; CrOS armv7l 13597.84.0) AppleWebKit/537.36 (KHTML, like Gecko) Chrome/88.0.4324.187 Safari/537.36"
192.168.7.17 - - [21/Apr/2022:12:36:20 -0300] "GET / HTTP/1.1" 200 2084 "-" "Mozilla/5.0 (Windows NT 10.0; Win64; x64) AppleWebKit/537.36 (KHTML, like Gecko) Chrome/100.0.4896.127 Safari/537.36"
192.168.7.17 - - [21/Apr/2022:12:36:21 -0300] "GET /favicon.ico HTTP/1.1" 404 445 "http://192.168.7.11:1515/" "Mozilla/5.0 (Windows NT 10.0; Win64; x64) AppleWebKit/537.36 (KHTML, like Gecko) Chrome/100.0.4896.127 Safari/537.36"
192.168.7.17 - - [21/Apr/2022:12:37:13 -0300] "-" 408 0 "-" "-"
192.168.7.17 - - [21/Apr/2022:12:38:46 -0300] "POST /api/data/users/create HTTP/1.1" 200 341 "-" "PostmanRuntime/7.29.0"
192.168.7.17 - - [21/Apr/2022:12:49:53 -0300] "POST /api/data/users/create HTTP/1.1" 200 341 "-" "PostmanRuntime/7.29.0"
192.168.7.11 - - [21/Apr/2022:13:10:49 -0300] "GET / HTTP/1.1" 200 2084 "-" "Mozilla/5.0 (X11; CrOS armv7l 13597.84.0) AppleWebKit/537.36 (KHTML, like Gecko) Chrome/88.0.4324.187 Safari/537.36"
192.168.7.11 - - [21/Apr/2022:13:10:52 -0300] "GET /favicon.ico HTTP/1.1" 404 445 "http://192.168.7.11:1515/" "Mozilla/5.0 (X11; CrOS armv7l 13597.84.0) AppleWebKit/537.36 (KHTML, like Gecko) Chrome/88.0.4324.187 Safari/537.36"
192.168.7.17 - - [21/Apr/2022:13:12:56 -0300] "POST /api/data/users/create HTTP/1.1" 200 341 "-" "PostmanRuntime/7.29.0"
192.168.7.17 - - [21/Apr/2022:13:18:34 -0300] "POST /api/data/users/create HTTP/1.1" 200 341 "-" "PostmanRuntime/7.29.0"
192.168.7.17 - - [21/Apr/2022:13:19:48 -0300] "POST /api/data/users/create HTTP/1.1" 200 341 "-" "PostmanRuntime/7.29.0"
192.168.7.17 - - [21/Apr/2022:13:26:50 -0300] "POST /api/data/users/create HTTP/1.1" 200 341 "-" "PostmanRuntime/7.29.0"
192.168.7.17 - - [21/Apr/2022:13:27:21 -0300] "POST /api/data/users/create HTTP/1.1" 500 807 "-" "PostmanRuntime/7.29.0"
192.168.7.17 - - [21/Apr/2022:13:27:31 -0300] "POST /api/data/users/create HTTP/1.1" 500 807 "-" "PostmanRuntime/7.29.0"
192.168.7.11 - - [21/Apr/2022:13:27:39 -0300] "GET / HTTP/1.1" 200 2084 "-" "Mozilla/5.0 (X11; CrOS armv7l 13597.84.0) AppleWebKit/537.36 (KHTML, like Gecko) Chrome/88.0.4324.187 Safari/537.36"
192.168.7.11 - - [21/Apr/2022:13:27:40 -0300] "GET / HTTP/1.1" 200 2083 "-" "Mozilla/5.0 (X11; CrOS armv7l 13597.84.0) AppleWebKit/537.36 (KHTML, like Gecko) Chrome/88.0.4324.187 Safari/537.36"
192.168.7.17 - - [21/Apr/2022:13:28:11 -0300] "GET / HTTP/1.1" 200 2084 "-" "Mozilla/5.0 (Windows NT 10.0; Win64; x64) AppleWebKit/537.36 (KHTML, like Gecko) Chrome/100.0.4896.127 Safari/537.36"
192.168.7.17 - - [21/Apr/2022:13:28:12 -0300] "GET / HTTP/1.1" 200 2083 "-" "Mozilla/5.0 (Windows NT 10.0; Win64; x64) AppleWebKit/537.36 (KHTML, like Gecko) Chrome/100.0.4896.127 Safari/537.36"
192.168.7.17 - - [21/Apr/2022:13:28:22 -0300] "POST /api/data/users/create HTTP/1.1" 500 807 "-" "PostmanRuntime/7.29.0"
192.168.7.17 - - [21/Apr/2022:13:29:04 -0300] "-" 408 0 "-" "-"
192.168.7.17 - - [21/Apr/2022:13:32:12 -0300] "POST /api/data/users/create HTTP/1.1" 500 807 "-" "PostmanRuntime/7.29.0"
192.168.7.17 - - [21/Apr/2022:13:32:43 -0300] "POST /api/data/users/create HTTP/1.1" 200 410 "-" "PostmanRuntime/7.29.0"
192.168.7.17 - - [21/Apr/2022:13:33:47 -0300] "POST /api/data/users/create HTTP/1.1" 200 411 "-" "PostmanRuntime/7.29.0"
192.168.7.17 - - [21/Apr/2022:13:37:54 -0300] "POST /api/data/users/create HTTP/1.1" 200 368 "-" "PostmanRuntime/7.29.0"
192.168.7.17 - - [21/Apr/2022:13:38:52 -0300] "POST /api/data/users/create HTTP/1.1" 200 321 "-" "PostmanRuntime/7.29.0"
192.168.7.17 - - [21/Apr/2022:13:39:49 -0300] "GET /api/data/users/all HTTP/1.1" 200 440 "-" "PostmanRuntime/7.29.0"
192.168.7.17 - - [21/Apr/2022:14:06:31 -0300] "POST /api/data/medication/create HTTP/1.1" 200 321 "-" "PostmanRuntime/7.29.0"
192.168.7.17 - - [21/Apr/2022:14:09:26 -0300] "POST /api/data/medic/create HTTP/1.1" 200 321 "-" "PostmanRuntime/7.29.0"
192.168.7.17 - - [21/Apr/2022:14:11:19 -0300] "POST /api/data/hospital/create HTTP/1.1" 200 321 "-" "PostmanRuntime/7.29.0"
192.168.7.17 - - [21/Apr/2022:14:15:35 -0300] "POST /api/data/treatment/create%20 HTTP/1.1" 404 446 "-" "PostmanRuntime/7.29.0"
192.168.7.17 - - [21/Apr/2022:14:16:48 -0300] "POST /api/data/treatment/create%20 HTTP/1.1" 404 446 "-" "PostmanRuntime/7.29.0"
192.168.7.17 - - [21/Apr/2022:14:17:19 -0300] "POST /api/data/treatment/create HTTP/1.1" 200 341 "-" "PostmanRuntime/7.29.0"
192.168.7.17 - - [21/Apr/2022:14:18:47 -0300] "POST /api/data/treatment/create HTTP/1.1" 200 367 "-" "PostmanRuntime/7.29.0"
192.168.7.17 - - [21/Apr/2022:14:25:04 -0300] "GET / HTTP/1.1" 200 2087 "-" "Mozilla/5.0 (Windows NT 10.0; Win64; x64) AppleWebKit/537.36 (KHTML, like Gecko) Chrome/100.0.4896.127 Safari/537.36"
192.168.7.17 - - [21/Apr/2022:14:25:06 -0300] "GET /favicon.ico HTTP/1.1" 404 445 "http://192.168.7.11:1515/" "Mozilla/5.0 (Windows NT 10.0; Win64; x64) AppleWebKit/537.36 (KHTML, like Gecko) Chrome/100.0.4896.127 Safari/537.36"
192.168.7.17 - - [21/Apr/2022:14:25:17 -0300] "POST /api/data/treatment/create HTTP/1.1" 200 321 "-" "PostmanRuntime/7.29.0"
192.168.7.17 - - [21/Apr/2022:14:25:56 -0300] "-" 408 0 "-" "-"
192.168.7.17 - - [21/Apr/2022:14:27:16 -0300] "POST /api/data/appointment/create HTTP/1.1" 200 366 "-" "PostmanRuntime/7.29.0"
192.168.7.17 - - [21/Apr/2022:14:29:03 -0300] "POST /api/data/appointment/create HTTP/1.1" 200 321 "-" "PostmanRuntime/7.29.0"
192.168.7.24 - - [21/Apr/2022:14:43:22 -0300] "GET / HTTP/1.1" 200 2087 "-" "Mozilla/5.0 (Windows NT 10.0; Win64; x64) AppleWebKit/537.36 (KHTML, like Gecko) Chrome/100.0.4896.88 Safari/537.36"
192.168.7.24 - - [21/Apr/2022:14:43:26 -0300] "GET /favicon.ico HTTP/1.1" 404 445 "http://192.168.7.11:1515/" "Mozilla/5.0 (Windows NT 10.0; Win64; x64) AppleWebKit/537.36 (KHTML, like Gecko) Chrome/100.0.4896.88 Safari/537.36"
192.168.7.24 - - [22/Apr/2022:11:34:24 -0300] "-" 408 0 "-" "-"
192.168.7.24 - - [22/Apr/2022:11:34:24 -0300] "-" 408 0 "-" "-"
192.168.7.15 - - [22/Apr/2022:11:54:05 -0300] "GET / HTTP/1.1" 200 2087 "-" "Mozilla/5.0 (Windows NT 10.0; Win64; x64) AppleWebKit/537.36 (KHTML, like Gecko) Chrome/100.0.4896.127 Safari/537.36"
192.168.7.15 - - [22/Apr/2022:11:54:07 -0300] "GET /favicon.ico HTTP/1.1" 404 445 "http://192.168.7.11:1515/" "Mozilla/5.0 (Windows NT 10.0; Win64; x64) AppleWebKit/537.36 (KHTML, like Gecko) Chrome/100.0.4896.127 Safari/537.36"
192.168.7.15 - - [22/Apr/2022:11:54:57 -0300] "-" 408 0 "-" "-"
192.168.7.15 - - [22/Apr/2022:11:55:08 -0300] "GET /api/data/medication/all HTTP/1.1" 200 411 "-" "Mozilla/5.0 (Windows NT 10.0; Win64; x64) AppleWebKit/537.36 (KHTML, like Gecko) Chrome/100.0.4896.127 Safari/537.36"
192.168.7.15 - - [22/Apr/2022:11:56:00 -0300] "-" 408 0 "-" "-"
192.168.7.24 - - [22/Apr/2022:12:03:46 -0300] "GET /api/data/zenbo/awake HTTP/1.1" 200 305 "-" "Mozilla/5.0 (Windows NT 10.0; Win64; x64) AppleWebKit/537.36 (KHTML, like Gecko) Chrome/100.0.4896.88 Safari/537.36"
192.168.7.24 - - [22/Apr/2022:12:04:25 -0300] "-" 408 0 "-" "-"
192.168.7.24 - - [22/Apr/2022:12:04:36 -0300] "GET /api/data/zenbo/listAppointments/id?id=1 HTTP/1.1" 200 305 "-" "Mozilla/5.0 (Windows NT 10.0; Win64; x64) AppleWebKit/537.36 (KHTML, like Gecko) Chrome/100.0.4896.88 Safari/537.36"
192.168.7.24 - - [22/Apr/2022:12:05:29 -0300] "-" 408 0 "-" "-"
192.168.7.24 - - [22/Apr/2022:12:05:37 -0300] "GET /api/data/zenbo/listAppointments/id?id=1 HTTP/1.1" 200 305 "-" "Mozilla/5.0 (Windows NT 10.0; Win64; x64) AppleWebKit/537.36 (KHTML, like Gecko) Chrome/100.0.4896.88 Safari/537.36"
192.168.7.24 - - [22/Apr/2022:12:06:19 -0300] "GET /api/data/zenbo/listAppointments/id?id=1 HTTP/1.1" 200 305 "-" "Mozilla/5.0 (Windows NT 10.0; Win64; x64) AppleWebKit/537.36 (KHTML, like Gecko) Chrome/100.0.4896.88 Safari/537.36"
192.168.7.24 - - [22/Apr/2022:12:06:29 -0300] "-" 408 0 "-" "-"
192.168.7.24 - - [22/Apr/2022:12:16:49 -0300] "GET /api/data/zenbo/listAppointments/id?id=1 HTTP/1.1" 200 323 "-" "Mozilla/5.0 (Windows NT 10.0; Win64; x64) AppleWebKit/537.36 (KHTML, like Gecko) Chrome/100.0.4896.88 Safari/537.36"
192.168.7.24 - - [22/Apr/2022:12:17:41 -0300] "-" 408 0 "-" "-"
192.168.7.24 - - [22/Apr/2022:12:31:34 -0300] "GET / HTTP/1.1" 200 2087 "-" "Mozilla/5.0 (Windows NT 10.0; Win64; x64) AppleWebKit/537.36 (KHTML, like Gecko) Chrome/100.0.4896.88 Safari/537.36"
192.168.7.24 - - [22/Apr/2022:12:32:26 -0300] "-" 408 0 "-" "-"
192.168.7.11 - - [22/Apr/2022:12:49:19 -0300] "GET /api/data/appointment/idDate?id=1&date=2022-04-22 HTTP/1.1" 200 305 "-" "python-requests/2.21.0"
192.168.7.24 - - [22/Apr/2022:12:52:12 -0300] "GET /api/data/zenbo/listAppointments/id?id=1 HTTP/1.1" 200 305 "-" "Mozilla/5.0 (Windows NT 10.0; Win64; x64) AppleWebKit/537.36 (KHTML, like Gecko) Chrome/100.0.4896.88 Safari/537.36"
192.168.7.11 - - [22/Apr/2022:12:52:31 -0300] "GET /api/data/appointment/idDate?id=1&date=2022-04-22 HTTP/1.1" 200 391 "-" "python-requests/2.21.0"
192.168.7.11 - - [22/Apr/2022:12:52:31 -0300] "GET /api/data/hospital/id?id=1 HTTP/1.1" 200 408 "-" "python-requests/2.21.0"
192.168.7.11 - - [22/Apr/2022:12:52:31 -0300] "GET /api/data/medic/id?id=1 HTTP/1.1" 200 408 "-" "python-requests/2.21.0"
192.168.7.24 - - [22/Apr/2022:12:53:04 -0300] "-" 408 0 "-" "-"
192.168.7.11 - - [22/Apr/2022:12:53:43 -0300] "GET /api/data/appointment/idDate?id=1&date=2022-04-22 HTTP/1.1" 200 391 "-" "python-requests/2.21.0"
192.168.7.11 - - [22/Apr/2022:12:53:44 -0300] "GET /api/data/hospital/id?id=1 HTTP/1.1" 200 408 "-" "python-requests/2.21.0"
192.168.7.11 - - [22/Apr/2022:12:53:44 -0300] "GET /api/data/medic/id?id=1 HTTP/1.1" 200 406 "-" "python-requests/2.21.0"
192.168.7.24 - - [22/Apr/2022:12:59:28 -0300] "GET /api/data/zenbo/listAppointments/id?id=1 HTTP/1.1" 200 305 "-" "Mozilla/5.0 (Windows NT 10.0; Win64; x64) AppleWebKit/537.36 (KHTML, like Gecko) Chrome/100.0.4896.88 Safari/537.36"
192.168.7.24 - - [22/Apr/2022:13:00:20 -0300] "-" 408 0 "-" "-"
192.168.7.24 - - [22/Apr/2022:13:02:23 -0300] "GET /api/data/zenbo/listAppointments/id?id=1 HTTP/1.1" 200 375 "-" "Mozilla/5.0 (Windows NT 10.0; Win64; x64) AppleWebKit/537.36 (KHTML, like Gecko) Chrome/100.0.4896.88 Safari/537.36"
192.168.7.24 - - [22/Apr/2022:13:03:15 -0300] "-" 408 0 "-" "-"
192.168.7.24 - - [22/Apr/2022:15:24:43 -0300] "GET / HTTP/1.1" 200 2087 "-" "Mozilla/5.0 (Windows NT 10.0; Win64; x64) AppleWebKit/537.36 (KHTML, like Gecko) Chrome/100.0.4896.88 Safari/537.36"
192.168.7.24 - - [22/Apr/2022:15:24:44 -0300] "GET /favicon.ico HTTP/1.1" 404 445 "http://192.168.7.11:1515/" "Mozilla/5.0 (Windows NT 10.0; Win64; x64) AppleWebKit/537.36 (KHTML, like Gecko) Chrome/100.0.4896.88 Safari/537.36"
192.168.7.24 - - [22/Apr/2022:15:25:35 -0300] "-" 408 0 "-" "-"
192.168.7.11 - - [22/Apr/2022:15:25:56 -0300] "GET /api/data/appointment/idDate?id=1&date=2022-04-22 HTTP/1.1" 200 391 "-" "python-requests/2.21.0"
192.168.7.11 - - [22/Apr/2022:15:25:56 -0300] "GET /api/data/hospital/id?id=1 HTTP/1.1" 200 408 "-" "python-requests/2.21.0"
192.168.7.11 - - [22/Apr/2022:15:25:57 -0300] "GET /api/data/medic/id?id=1 HTTP/1.1" 200 406 "-" "python-requests/2.21.0"
192.168.7.11 - - [22/Apr/2022:15:35:11 -0300] "GET / HTTP/1.1" 200 2087 "-" "Mozilla/5.0 (X11; CrOS armv7l 13597.84.0) AppleWebKit/537.36 (KHTML, like Gecko) Chrome/88.0.4324.187 Safari/537.36"
192.168.7.11 - - [22/Apr/2022:15:35:13 -0300] "GET /favicon.ico HTTP/1.1" 404 445 "http://192.168.7.11:1515/" "Mozilla/5.0 (X11; CrOS armv7l 13597.84.0) AppleWebKit/537.36 (KHTML, like Gecko) Chrome/88.0.4324.187 Safari/537.36"
192.168.7.11 - - [22/Apr/2022:15:35:34 -0300] "GET /api/data/zenbo/listAppointments/id?id=userId HTTP/1.1" 200 380 "-" "Mozilla/5.0 (X11; CrOS armv7l 13597.84.0) AppleWebKit/537.36 (KHTML, like Gecko) Chrome/88.0.4324.187 Safari/537.36"
192.168.7.24 - - [22/Apr/2022:15:40:53 -0300] "GET / HTTP/1.1" 200 2087 "-" "Mozilla/5.0 (Windows NT 10.0; Win64; x64) AppleWebKit/537.36 (KHTML, like Gecko) Chrome/100.0.4896.88 Safari/537.36"
192.168.7.24 - - [22/Apr/2022:15:41:46 -0300] "-" 408 0 "-" "-"
192.168.7.24 - - [22/Apr/2022:15:42:40 -0300] "GET /api/data/zenbo/awake HTTP/1.1" 200 305 "-" "Mozilla/5.0 (Windows NT 10.0; Win64; x64) AppleWebKit/537.36 (KHTML, like Gecko) Chrome/100.0.4896.88 Safari/537.36"
192.168.7.11 - - [22/Apr/2022:15:43:11 -0300] "GET /api/data/zenbo/awake HTTP/1.1" 200 305 "-" "Mozilla/5.0 (X11; CrOS armv7l 13597.84.0) AppleWebKit/537.36 (KHTML, like Gecko) Chrome/88.0.4324.187 Safari/537.36"
192.168.7.24 - - [22/Apr/2022:15:43:32 -0300] "-" 408 0 "-" "-"
192.168.7.24 - - [22/Apr/2022:15:43:40 -0300] "GET /api/data/zenbo/awake HTTP/1.1" 200 305 "-" "Mozilla/5.0 (Windows NT 10.0; Win64; x64) AppleWebKit/537.36 (KHTML, like Gecko) Chrome/100.0.4896.88 Safari/537.36"
192.168.7.11 - - [22/Apr/2022:15:44:14 -0300] "GET /api/data/zenbo/awake HTTP/1.1" 200 305 "-" "Mozilla/5.0 (X11; CrOS armv7l 13597.84.0) AppleWebKit/537.36 (KHTML, like Gecko) Chrome/88.0.4324.187 Safari/537.36"
192.168.7.24 - - [22/Apr/2022:15:44:32 -0300] "-" 408 0 "-" "-"
192.168.7.11 - - [22/Apr/2022:15:44:50 -0300] "GET /api/data/zenbo/listAppointments/id?id=userId HTTP/1.1" 200 380 "-" "Mozilla/5.0 (X11; CrOS armv7l 13597.84.0) AppleWebKit/537.36 (KHTML, like Gecko) Chrome/88.0.4324.187 Safari/537.36"
192.168.7.11 - - [22/Apr/2022:15:45:27 -0300] "GET /api/data/zenbo/listAppointments/id?id=1 HTTP/1.1" 200 375 "-" "Mozilla/5.0 (X11; CrOS armv7l 13597.84.0) AppleWebKit/537.36 (KHTML, like Gecko) Chrome/88.0.4324.187 Safari/537.36"
192.168.7.11 - - [22/Apr/2022:15:45:50 -0300] "GET /api/data/zenbo/listAppointments/id?id=1 HTTP/1.1" 200 375 "-" "Mozilla/5.0 (X11; CrOS armv7l 13597.84.0) AppleWebKit/537.36 (KHTML, like Gecko) Chrome/88.0.4324.187 Safari/537.36"
192.168.7.24 - - [22/Apr/2022:15:47:39 -0300] "GET /api/data/zenbo/listAppointments/id?id=1 HTTP/1.1" 200 375 "-" "Mozilla/5.0 (Windows NT 10.0; Win64; x64) AppleWebKit/537.36 (KHTML, like Gecko) Chrome/100.0.4896.88 Safari/537.36"
192.168.7.24 - - [22/Apr/2022:15:48:31 -0300] "-" 408 0 "-" "-"
192.168.7.24 - - [22/Apr/2022:15:49:16 -0300] "GET /api/data/zenbo/listAppointments/id HTTP/1.1" 200 352 "-" "Mozilla/5.0 (Windows NT 10.0; Win64; x64) AppleWebKit/537.36 (KHTML, like Gecko) Chrome/100.0.4896.88 Safari/537.36"
192.168.7.24 - - [22/Apr/2022:15:49:21 -0300] "GET /api/data/zenbo/listAppointments/id?id=1 HTTP/1.1" 200 375 "-" "Mozilla/5.0 (Windows NT 10.0; Win64; x64) AppleWebKit/537.36 (KHTML, like Gecko) Chrome/100.0.4896.88 Safari/537.36"
192.168.7.24 - - [22/Apr/2022:15:50:13 -0300] "-" 408 0 "-" "-"
192.168.7.11 - - [22/Apr/2022:15:52:38 -0300] "GET /api/data/appointment/idDate?id=1&date=2022-04-22 HTTP/1.1" 200 391 "-" "python-requests/2.21.0"
192.168.7.11 - - [22/Apr/2022:15:52:38 -0300] "GET /api/data/hospital/id?id=1 HTTP/1.1" 200 408 "-" "python-requests/2.21.0"
192.168.7.11 - - [22/Apr/2022:15:52:38 -0300] "GET /api/data/medic/id?id=1 HTTP/1.1" 200 406 "-" "python-requests/2.21.0"
192.168.7.24 - - [22/Apr/2022:16:00:05 -0300] "GET /api/data/zenbo/awake HTTP/1.1" 200 305 "-" "Mozilla/5.0 (Windows NT 10.0; Win64; x64) AppleWebKit/537.36 (KHTML, like Gecko) Chrome/100.0.4896.88 Safari/537.36"
192.168.7.24 - - [22/Apr/2022:16:00:57 -0300] "-" 408 0 "-" "-"
192.168.7.11 - - [22/Apr/2022:16:09:18 -0300] "GET /api/data/appointment/idDate?id=1&date=2022-04-22 HTTP/1.1" 200 391 "-" "python-requests/2.21.0"
192.168.7.11 - - [22/Apr/2022:16:09:19 -0300] "GET /api/data/hospital/id?id=1 HTTP/1.1" 200 408 "-" "python-requests/2.21.0"
192.168.7.11 - - [22/Apr/2022:16:09:19 -0300] "GET /api/data/medic/id?id=1 HTTP/1.1" 200 406 "-" "python-requests/2.21.0"
192.168.7.24 - - [22/Apr/2022:16:10:02 -0300] "GET /api/data/zenbo/listAppointments/id?id=1 HTTP/1.1" 200 375 "-" "Mozilla/5.0 (Windows NT 10.0; Win64; x64) AppleWebKit/537.36 (KHTML, like Gecko) Chrome/100.0.4896.88 Safari/537.36"
192.168.7.24 - - [22/Apr/2022:16:10:54 -0300] "-" 408 0 "-" "-"
192.168.7.24 - - [22/Apr/2022:16:36:56 -0300] "GET /api/data/zenbo/awake HTTP/1.1" 200 305 "-" "Mozilla/5.0 (Windows NT 10.0; Win64; x64) AppleWebKit/537.36 (KHTML, like Gecko) Chrome/100.0.4896.88 Safari/537.36"
192.168.7.24 - - [22/Apr/2022:16:37:00 -0300] "GET /api/data/zenbo/awake HTTP/1.1" 200 305 "-" "Mozilla/5.0 (Windows NT 10.0; Win64; x64) AppleWebKit/537.36 (KHTML, like Gecko) Chrome/100.0.4896.88 Safari/537.36"
192.168.7.24 - - [22/Apr/2022:16:41:58 -0300] "GET /api/data/zenbo/awake HTTP/1.1" 200 305 "-" "Mozilla/5.0 (Windows NT 10.0; Win64; x64) AppleWebKit/537.36 (KHTML, like Gecko) Chrome/100.0.4896.88 Safari/537.36"
192.168.7.24 - - [22/Apr/2022:16:42:20 -0300] "GET /api/data/zenbo/listAppointments/id?id=1 HTTP/1.1" 200 305 "-" "Mozilla/5.0 (Windows NT 10.0; Win64; x64) AppleWebKit/537.36 (KHTML, like Gecko) Chrome/100.0.4896.88 Safari/537.36"
192.168.7.24 - - [22/Apr/2022:16:43:12 -0300] "-" 408 0 "-" "-"
192.168.7.11 - - [22/Apr/2022:16:43:45 -0300] "GET /api/data/zenbo/listAppointments/id?id=1 HTTP/1.1" 200 305 "-" "Mozilla/5.0 (X11; CrOS armv7l 13597.84.0) AppleWebKit/537.36 (KHTML, like Gecko) Chrome/88.0.4324.187 Safari/537.36"
192.168.7.11 - - [22/Apr/2022:16:44:29 -0300] "GET / HTTP/1.1" 200 2087 "-" "Mozilla/5.0 (X11; CrOS armv7l 13597.84.0) AppleWebKit/537.36 (KHTML, like Gecko) Chrome/88.0.4324.187 Safari/537.36"
192.168.7.11 - - [22/Apr/2022:16:44:46 -0300] "GET /api/data/zenbo/awake HTTP/1.1" 200 305 "-" "Mozilla/5.0 (X11; CrOS armv7l 13597.84.0) AppleWebKit/537.36 (KHTML, like Gecko) Chrome/88.0.4324.187 Safari/537.36"
192.168.7.11 - - [22/Apr/2022:16:45:09 -0300] "GET /api/data/zenbo/listAppointments/id?id=1 HTTP/1.1" 200 305 "-" "Mozilla/5.0 (X11; CrOS armv7l 13597.84.0) AppleWebKit/537.36 (KHTML, like Gecko) Chrome/88.0.4324.187 Safari/537.36"
192.168.7.24 - - [22/Apr/2022:16:48:48 -0300] "GET /api/data/zenbo/listAppointments/id?id=1 HTTP/1.1" 200 305 "-" "Mozilla/5.0 (Windows NT 10.0; Win64; x64) AppleWebKit/537.36 (KHTML, like Gecko) Chrome/100.0.4896.88 Safari/537.36"
192.168.7.24 - - [22/Apr/2022:16:48:54 -0300] "GET /api/data/zenbo/listAppointments/id?id=1 HTTP/1.1" 200 304 "-" "Mozilla/5.0 (Windows NT 10.0; Win64; x64) AppleWebKit/537.36 (KHTML, like Gecko) Chrome/100.0.4896.88 Safari/537.36"
192.168.7.24 - - [22/Apr/2022:16:49:40 -0300] "-" 408 0 "-" "-"
192.168.7.24 - - [22/Apr/2022:16:53:09 -0300] "GET /api/data/zenbo/listAppointments/id?id=1 HTTP/1.1" 200 305 "-" "Mozilla/5.0 (Windows NT 10.0; Win64; x64) AppleWebKit/537.36 (KHTML, like Gecko) Chrome/100.0.4896.88 Safari/537.36"
192.168.7.24 - - [22/Apr/2022:16:53:25 -0300] "GET /api/data/zenbo/awake HTTP/1.1" 200 305 "-" "Mozilla/5.0 (Windows NT 10.0; Win64; x64) AppleWebKit/537.36 (KHTML, like Gecko) Chrome/100.0.4896.88 Safari/537.36"
192.168.7.24 - - [22/Apr/2022:16:53:40 -0300] "GET /api/data/zenbo/awake HTTP/1.1" 200 305 "-" "Mozilla/5.0 (Windows NT 10.0; Win64; x64) AppleWebKit/537.36 (KHTML, like Gecko) Chrome/100.0.4896.88 Safari/537.36"
192.168.7.24 - - [22/Apr/2022:16:54:19 -0300] "GET /api/data/zenbo/listAppointments/id?id=1 HTTP/1.1" 200 305 "-" "Mozilla/5.0 (Windows NT 10.0; Win64; x64) AppleWebKit/537.36 (KHTML, like Gecko) Chrome/100.0.4896.88 Safari/537.36"
192.168.7.24 - - [22/Apr/2022:16:55:11 -0300] "-" 408 0 "-" "-"
192.168.7.24 - - [22/Apr/2022:16:56:27 -0300] "GET /api/data/zenbo/listAppointments/id?id=1 HTTP/1.1" 200 324 "-" "Mozilla/5.0 (Windows NT 10.0; Win64; x64) AppleWebKit/537.36 (KHTML, like Gecko) Chrome/100.0.4896.88 Safari/537.36"
192.168.7.24 - - [22/Apr/2022:16:57:19 -0300] "-" 408 0 "-" "-"
192.168.7.24 - - [22/Apr/2022:16:57:51 -0300] "GET /api/data/zenbo/listAppointments/id?id=1 HTTP/1.1" 200 324 "-" "Mozilla/5.0 (Windows NT 10.0; Win64; x64) AppleWebKit/537.36 (KHTML, like Gecko) Chrome/100.0.4896.88 Safari/537.36"
192.168.7.24 - - [22/Apr/2022:16:58:07 -0300] "GET /api/data/zenbo/awake HTTP/1.1" 200 305 "-" "Mozilla/5.0 (Windows NT 10.0; Win64; x64) AppleWebKit/537.36 (KHTML, like Gecko) Chrome/100.0.4896.88 Safari/537.36"
192.168.7.24 - - [22/Apr/2022:16:58:18 -0300] "GET /api/data/zenbo/listAppointments/id?id=1 HTTP/1.1" 200 324 "-" "Mozilla/5.0 (Windows NT 10.0; Win64; x64) AppleWebKit/537.36 (KHTML, like Gecko) Chrome/100.0.4896.88 Safari/537.36"
192.168.7.24 - - [22/Apr/2022:16:59:11 -0300] "-" 408 0 "-" "-"
192.168.7.24 - - [22/Apr/2022:17:00:13 -0300] "GET /api/data/zenbo/ingestMed?userId=1&treatmentId=1 HTTP/1.1" 200 305 "-" "Mozilla/5.0 (Windows NT 10.0; Win64; x64) AppleWebKit/537.36 (KHTML, like Gecko) Chrome/100.0.4896.88 Safari/537.36"
192.168.7.24 - - [22/Apr/2022:17:01:05 -0300] "-" 408 0 "-" "-"
192.168.7.11 - - [22/Apr/2022:17:01:44 -0300] "GET /api/data/treatment/id?id=1 HTTP/1.1" 200 435 "-" "python-requests/2.26.0"
192.168.7.24 - - [22/Apr/2022:17:01:39 -0300] "GET /api/data/zenbo/ingestMed?userId=1&treatmentId=1 HTTP/1.1" 200 305 "-" "Mozilla/5.0 (Windows NT 10.0; Win64; x64) AppleWebKit/537.36 (KHTML, like Gecko) Chrome/100.0.4896.88 Safari/537.36"
192.168.7.24 - - [22/Apr/2022:17:02:31 -0300] "-" 408 0 "-" "-"
192.168.7.24 - - [22/Apr/2022:17:04:59 -0300] "GET /api/data/treatment/id?id=1 HTTP/1.1" 200 435 "-" "Mozilla/5.0 (Windows NT 10.0; Win64; x64) AppleWebKit/537.36 (KHTML, like Gecko) Chrome/100.0.4896.88 Safari/537.36"
192.168.7.11 - - [22/Apr/2022:17:05:47 -0300] "GET /api/data/treatment/id?id=1 HTTP/1.1" 200 435 "-" "python-requests/2.26.0"
192.168.7.24 - - [22/Apr/2022:17:05:42 -0300] "GET /api/data/zenbo/ingestMed?userId=1&treatmentId=1 HTTP/1.1" 200 305 "-" "Mozilla/5.0 (Windows NT 10.0; Win64; x64) AppleWebKit/537.36 (KHTML, like Gecko) Chrome/100.0.4896.88 Safari/537.36"
192.168.7.24 - - [22/Apr/2022:17:06:34 -0300] "-" 408 0 "-" "-"
192.168.7.24 - - [22/Apr/2022:17:07:43 -0300] "GET /api/data/zenbo/listAppointments/id?id=1 HTTP/1.1" 200 324 "-" "Mozilla/5.0 (Windows NT 10.0; Win64; x64) AppleWebKit/537.36 (KHTML, like Gecko) Chrome/100.0.4896.88 Safari/537.36"
192.168.7.24 - - [22/Apr/2022:17:08:33 -0300] "-" 408 0 "-" "-"
192.168.7.11 - - [22/Apr/2022:17:08:46 -0300] "GET /api/data/appointment/idDate?id=1&date=2022-04-22 HTTP/1.1" 200 391 "-" "python-requests/2.21.0"
192.168.7.11 - - [22/Apr/2022:17:08:46 -0300] "GET /api/data/hospital/id?id=1 HTTP/1.1" 200 408 "-" "python-requests/2.21.0"
192.168.7.11 - - [22/Apr/2022:17:08:47 -0300] "GET /api/data/medic/id?id=1 HTTP/1.1" 200 406 "-" "python-requests/2.21.0"
192.168.7.11 - - [22/Apr/2022:17:09:47 -0300] "GET /api/data/treatment/id?id=1 HTTP/1.1" 200 435 "-" "python-requests/2.21.0"
192.168.7.11 - - [22/Apr/2022:17:11:56 -0300] "GET /api/data/treatment/id?id=1 HTTP/1.1" 200 435 "-" "python-requests/2.21.0"
192.168.7.11 - - [22/Apr/2022:17:12:37 -0300] "GET /api/data/treatment/id?id=1 HTTP/1.1" 200 435 "-" "python-requests/2.21.0"
192.168.7.11 - - [22/Apr/2022:17:13:53 -0300] "GET /api/data/treatment/id?id=1 HTTP/1.1" 200 435 "-" "python-requests/2.21.0"
192.168.7.11 - - [22/Apr/2022:17:15:19 -0300] "GET /api/data/treatment/id?id=1 HTTP/1.1" 200 435 "-" "python-requests/2.21.0"
192.168.7.11 - - [22/Apr/2022:17:16:59 -0300] "GET /api/data/treatment/id?id=1 HTTP/1.1" 200 435 "-" "python-requests/2.21.0"
192.168.7.11 - - [22/Apr/2022:17:18:14 -0300] "GET /api/data/treatment/id?id=1 HTTP/1.1" 200 435 "-" "python-requests/2.21.0"
192.168.7.11 - - [22/Apr/2022:17:18:39 -0300] "PUT /api/data/treatment/update HTTP/1.1" 500 807 "-" "python-requests/2.21.0"
192.168.7.11 - - [22/Apr/2022:17:20:05 -0300] "GET /api/data/treatment/id?id=1 HTTP/1.1" 200 435 "-" "python-requests/2.21.0"
192.168.7.11 - - [22/Apr/2022:17:20:33 -0300] "GET /api/data/treatment/id?id=1 HTTP/1.1" 200 435 "-" "python-requests/2.21.0"
192.168.7.11 - - [22/Apr/2022:17:20:33 -0300] "GET /api/data/medication/id?id=1 HTTP/1.1" 200 411 "-" "python-requests/2.21.0"
192.168.7.11 - - [22/Apr/2022:17:20:54 -0300] "PUT /api/data/treatment/update HTTP/1.1" 500 807 "-" "python-requests/2.21.0"
192.168.7.11 - - [22/Apr/2022:17:22:14 -0300] "GET /api/data/treatment/id?id=1 HTTP/1.1" 200 435 "-" "python-requests/2.21.0"
192.168.7.11 - - [22/Apr/2022:17:22:14 -0300] "GET /api/data/medication/id?id=1 HTTP/1.1" 200 411 "-" "python-requests/2.21.0"
192.168.7.11 - - [22/Apr/2022:17:23:34 -0300] "GET /api/data/treatment/id?id=1 HTTP/1.1" 200 435 "-" "python-requests/2.21.0"
192.168.7.11 - - [22/Apr/2022:17:23:35 -0300] "GET /api/data/medication/id?id=1 HTTP/1.1" 200 411 "-" "python-requests/2.21.0"
192.168.7.11 - - [22/Apr/2022:17:23:58 -0300] "PUT /api/data/treatment/update HTTP/1.1" 500 807 "-" "python-requests/2.21.0"
192.168.7.11 - - [22/Apr/2022:17:30:28 -0300] "GET /api/data/treatment/id?id=1 HTTP/1.1" 200 435 "-" "python-requests/2.21.0"
192.168.7.11 - - [22/Apr/2022:17:30:28 -0300] "GET /api/data/medication/id?id=1 HTTP/1.1" 200 411 "-" "python-requests/2.21.0"
192.168.7.11 - - [22/Apr/2022:17:30:52 -0300] "PUT /api/data/treatment/update HTTP/1.1" 500 807 "-" "python-requests/2.21.0"
192.168.7.11 - - [22/Apr/2022:17:37:13 -0300] "GET /api/data/treatment/id?id=1 HTTP/1.1" 200 435 "-" "python-requests/2.21.0"
192.168.7.11 - - [22/Apr/2022:17:37:14 -0300] "GET /api/data/medication/id?id=1 HTTP/1.1" 200 411 "-" "python-requests/2.21.0"
192.168.7.11 - - [22/Apr/2022:17:37:40 -0300] "PUT /api/data/treatment/update HTTP/1.1" 500 807 "-" "python-requests/2.21.0"
192.168.7.11 - - [22/Apr/2022:17:44:37 -0300] "GET /api/data/treatment/id?id=1 HTTP/1.1" 200 435 "-" "python-requests/2.21.0"
192.168.7.11 - - [22/Apr/2022:17:44:37 -0300] "GET /api/data/medication/id?id=1 HTTP/1.1" 200 411 "-" "python-requests/2.21.0"
192.168.7.11 - - [22/Apr/2022:17:46:22 -0300] "GET /api/data/treatment/id?id=1 HTTP/1.1" 200 435 "-" "python-requests/2.21.0"
192.168.7.11 - - [22/Apr/2022:17:46:22 -0300] "GET /api/data/medication/id?id=1 HTTP/1.1" 200 411 "-" "python-requests/2.21.0"
192.168.7.11 - - [22/Apr/2022:17:50:04 -0300] "GET /api/data/treatment/id?id=1 HTTP/1.1" 200 435 "-" "python-requests/2.21.0"
192.168.7.11 - - [22/Apr/2022:17:50:04 -0300] "GET /api/data/medication/id?id=1 HTTP/1.1" 200 411 "-" "python-requests/2.21.0"
192.168.7.11 - - [22/Apr/2022:17:50:29 -0300] "PUT /api/data/treatment/update HTTP/1.1" 500 807 "-" "python-requests/2.21.0"
192.168.7.11 - - [22/Apr/2022:17:52:00 -0300] "GET /api/data/treatment/id?id=1 HTTP/1.1" 200 435 "-" "python-requests/2.21.0"
192.168.7.11 - - [22/Apr/2022:17:52:00 -0300] "GET /api/data/medication/id?id=1 HTTP/1.1" 200 411 "-" "python-requests/2.21.0"
192.168.7.11 - - [22/Apr/2022:17:52:23 -0300] "PUT /api/data/treatment/update HTTP/1.1" 500 807 "-" "python-requests/2.21.0"
192.168.7.11 - - [22/Apr/2022:18:00:33 -0300] "GET /api/data/treatment/id?id=1 HTTP/1.1" 200 435 "-" "python-requests/2.21.0"
192.168.7.11 - - [22/Apr/2022:18:00:34 -0300] "GET /api/data/medication/id?id=1 HTTP/1.1" 200 411 "-" "python-requests/2.21.0"
192.168.7.11 - - [22/Apr/2022:18:00:59 -0300] "PUT /api/data/treatment/update HTTP/1.1" 500 807 "-" "python-requests/2.21.0"
192.168.7.11 - - [22/Apr/2022:18:02:46 -0300] "GET /api/data/treatment/id?id=1 HTTP/1.1" 200 435 "-" "python-requests/2.21.0"
192.168.7.11 - - [22/Apr/2022:18:02:46 -0300] "GET /api/data/medication/id?id=1 HTTP/1.1" 200 411 "-" "python-requests/2.21.0"
192.168.7.11 - - [22/Apr/2022:18:03:34 -0300] "PUT /api/data/treatment/update HTTP/1.1" 500 807 "-" "python-requests/2.21.0"
192.168.7.11 - - [22/Apr/2022:18:04:39 -0300] "GET /api/data/treatment/id?id=1 HTTP/1.1" 200 435 "-" "python-requests/2.21.0"
192.168.7.11 - - [22/Apr/2022:18:04:39 -0300] "GET /api/data/medication/id?id=1 HTTP/1.1" 200 411 "-" "python-requests/2.21.0"
192.168.7.11 - - [22/Apr/2022:18:05:07 -0300] "PUT /api/data/treatment/update HTTP/1.1" 500 807 "-" "python-requests/2.21.0"
192.168.7.11 - - [22/Apr/2022:18:17:50 -0300] "GET /api/data/treatment/id?id=1 HTTP/1.1" 200 435 "-" "python-requests/2.21.0"
192.168.7.11 - - [22/Apr/2022:18:17:50 -0300] "GET /api/data/medication/id?id=1 HTTP/1.1" 200 411 "-" "python-requests/2.21.0"
192.168.7.11 - - [22/Apr/2022:18:18:15 -0300] "PUT /api/data/treatment/update HTTP/1.1" 500 807 "-" "python-requests/2.21.0"
192.168.7.11 - - [22/Apr/2022:18:20:15 -0300] "GET /api/data/treatment/id?id=1 HTTP/1.1" 200 435 "-" "python-requests/2.21.0"
192.168.7.11 - - [22/Apr/2022:18:20:15 -0300] "GET /api/data/medication/id?id=1 HTTP/1.1" 200 411 "-" "python-requests/2.21.0"
192.168.7.11 - - [22/Apr/2022:18:20:41 -0300] "PUT /api/data/treatment/update HTTP/1.1" 500 807 "-" "python-requests/2.21.0"
192.168.7.11 - - [22/Apr/2022:18:25:27 -0300] "GET /api/data/treatment/id?id=1 HTTP/1.1" 200 435 "-" "python-requests/2.21.0"
192.168.7.11 - - [22/Apr/2022:18:25:27 -0300] "GET /api/data/medication/id?id=1 HTTP/1.1" 200 411 "-" "python-requests/2.21.0"
192.168.7.11 - - [22/Apr/2022:18:25:52 -0300] "PUT /api/data/treatment/update HTTP/1.1" 500 807 "-" "python-requests/2.21.0"
192.168.7.24 - - [23/Apr/2022:11:32:17 -0300] "GET / HTTP/1.1" 200 2087 "-" "Mozilla/5.0 (Windows NT 10.0; Win64; x64) AppleWebKit/537.36 (KHTML, like Gecko) Chrome/100.0.4896.127 Safari/537.36"
192.168.7.24 - - [23/Apr/2022:11:32:20 -0300] "GET /favicon.ico HTTP/1.1" 404 445 "http://192.168.7.11:1515/" "Mozilla/5.0 (Windows NT 10.0; Win64; x64) AppleWebKit/537.36 (KHTML, like Gecko) Chrome/100.0.4896.127 Safari/537.36"
192.168.7.24 - - [23/Apr/2022:11:33:10 -0300] "-" 408 0 "-" "-"
192.168.7.24 - - [23/Apr/2022:11:33:10 -0300] "-" 408 0 "-" "-"
192.168.7.24 - - [23/Apr/2022:11:33:24 -0300] "GET /api/data/zenbo/awake HTTP/1.1" 200 305 "-" "Mozilla/5.0 (Windows NT 10.0; Win64; x64) AppleWebKit/537.36 (KHTML, like Gecko) Chrome/100.0.4896.127 Safari/537.36"
192.168.7.24 - - [23/Apr/2022:11:34:48 -0300] "-" 408 0 "-" "-"
192.168.7.24 - - [23/Apr/2022:11:33:55 -0300] "GET /api/data/zenbo/ingestMed?userId=1&treatmentId=1 HTTP/1.1" 200 305 "-" "Mozilla/5.0 (Windows NT 10.0; Win64; x64) AppleWebKit/537.36 (KHTML, like Gecko) Chrome/100.0.4896.127 Safari/537.36"
192.168.7.11 - - [23/Apr/2022:11:39:52 -0300] "GET /api/data/treatment/id?id=1 HTTP/1.1" 200 435 "-" "python-requests/2.26.0"
192.168.7.11 - - [23/Apr/2022:11:39:52 -0300] "GET /api/data/medication/id?id=1 HTTP/1.1" 200 411 "-" "python-requests/2.26.0"
192.168.7.11 - - [23/Apr/2022:11:40:16 -0300] "PUT /api/data/treatment/update HTTP/1.1" 200 320 "-" "python-requests/2.26.0"
192.168.7.24 - - [23/Apr/2022:11:39:46 -0300] "GET /api/data/zenbo/ingestMed?userId=1&treatmentId=1 HTTP/1.1" 200 305 "-" "Mozilla/5.0 (Windows NT 10.0; Win64; x64) AppleWebKit/537.36 (KHTML, like Gecko) Chrome/100.0.4896.127 Safari/537.36"
192.168.7.24 - - [23/Apr/2022:11:40:38 -0300] "-" 408 0 "-" "-"
192.168.7.24 - - [23/Apr/2022:11:47:16 -0300] "GET /api/data/zenbo/listAppointments/id?id=1 HTTP/1.1" 200 324 "-" "Mozilla/5.0 (Windows NT 10.0; Win64; x64) AppleWebKit/537.36 (KHTML, like Gecko) Chrome/100.0.4896.127 Safari/537.36"
192.168.7.24 - - [23/Apr/2022:11:48:08 -0300] "-" 408 0 "-" "-"
192.168.7.24 - - [23/Apr/2022:11:52:57 -0300] "GET /api/data/zenbo/listAppointments/id?id=1 HTTP/1.1" 200 305 "-" "Mozilla/5.0 (Windows NT 10.0; Win64; x64) AppleWebKit/537.36 (KHTML, like Gecko) Chrome/100.0.4896.127 Safari/537.36"
192.168.7.24 - - [23/Apr/2022:11:53:48 -0300] "GET /api/data/zenbo/listAppointments/id?id=1 HTTP/1.1" 503 573 "-" "Mozilla/5.0 (Windows NT 10.0; Win64; x64) AppleWebKit/537.36 (KHTML, like Gecko) Chrome/100.0.4896.127 Safari/537.36"
192.168.7.24 - - [23/Apr/2022:11:53:57 -0300] "GET /api/data/zenbo/listAppointments/id?id=1 HTTP/1.1" 200 305 "-" "Mozilla/5.0 (Windows NT 10.0; Win64; x64) AppleWebKit/537.36 (KHTML, like Gecko) Chrome/100.0.4896.127 Safari/537.36"
192.168.7.24 - - [23/Apr/2022:11:54:23 -0300] "GET /api/data/zenbo/listAppointments/id?id=1 HTTP/1.1" 200 305 "-" "Mozilla/5.0 (Windows NT 10.0; Win64; x64) AppleWebKit/537.36 (KHTML, like Gecko) Chrome/100.0.4896.127 Safari/537.36"
192.168.7.24 - - [23/Apr/2022:11:55:02 -0300] "GET /api/data/zenbo/listAppointments/id?id=1 HTTP/1.1" 503 573 "-" "Mozilla/5.0 (Windows NT 10.0; Win64; x64) AppleWebKit/537.36 (KHTML, like Gecko) Chrome/100.0.4896.127 Safari/537.36"
192.168.7.24 - - [23/Apr/2022:11:55:06 -0300] "GET /api/data/zenbo/listAppointments/id?id=1 HTTP/1.1" 200 305 "-" "Mozilla/5.0 (Windows NT 10.0; Win64; x64) AppleWebKit/537.36 (KHTML, like Gecko) Chrome/100.0.4896.127 Safari/537.36"
192.168.7.24 - - [23/Apr/2022:11:55:58 -0300] "-" 408 0 "-" "-"
192.168.7.24 - - [23/Apr/2022:11:59:28 -0300] "GET /api/data/zenbo/listAppointments/id?id=1 HTTP/1.1" 200 305 "-" "Mozilla/5.0 (Windows NT 10.0; Win64; x64) AppleWebKit/537.36 (KHTML, like Gecko) Chrome/100.0.4896.127 Safari/537.36"
192.168.7.24 - - [23/Apr/2022:12:00:20 -0300] "-" 408 0 "-" "-"
192.168.7.11 - - [23/Apr/2022:12:05:35 -0300] "GET /api/data/appointment/idDate?id=1&date=2022-04-23 HTTP/1.1" 200 305 "-" "python-requests/2.21.0"
192.168.7.24 - - [23/Apr/2022:12:10:59 -0300] "GET /api/data/zenbo/listAppointments/id?id=1 HTTP/1.1" 200 305 "-" "Mozilla/5.0 (Windows NT 10.0; Win64; x64) AppleWebKit/537.36 (KHTML, like Gecko) Chrome/100.0.4896.127 Safari/537.36"
192.168.7.24 - - [23/Apr/2022:12:11:30 -0300] "GET /api/data/zenbo/listAppointments/id?id=1 HTTP/1.1" 200 305 "-" "Mozilla/5.0 (Windows NT 10.0; Win64; x64) AppleWebKit/537.36 (KHTML, like Gecko) Chrome/100.0.4896.127 Safari/537.36"
192.168.7.24 - - [23/Apr/2022:12:11:50 -0300] "GET /api/data/zenbo/listAppointments/id?id=1 HTTP/1.1" 200 305 "-" "Mozilla/5.0 (Windows NT 10.0; Win64; x64) AppleWebKit/537.36 (KHTML, like Gecko) Chrome/100.0.4896.127 Safari/537.36"
192.168.7.24 - - [23/Apr/2022:12:11:53 -0300] "GET /api/data/zenbo/listAppointments/id?id=1 HTTP/1.1" 200 304 "-" "Mozilla/5.0 (Windows NT 10.0; Win64; x64) AppleWebKit/537.36 (KHTML, like Gecko) Chrome/100.0.4896.127 Safari/537.36"
192.168.7.24 - - [23/Apr/2022:12:11:56 -0300] "GET /api/data/zenbo/listAppointments/id?id=1 HTTP/1.1" 200 304 "-" "Mozilla/5.0 (Windows NT 10.0; Win64; x64) AppleWebKit/537.36 (KHTML, like Gecko) Chrome/100.0.4896.127 Safari/537.36"
192.168.7.24 - - [23/Apr/2022:12:12:42 -0300] "-" 408 0 "-" "-"
192.168.7.24 - - [23/Apr/2022:12:12:45 -0300] "GET /api/data/zenbo/listAppointments/id?id=1 HTTP/1.1" 200 305 "-" "Mozilla/5.0 (Windows NT 10.0; Win64; x64) AppleWebKit/537.36 (KHTML, like Gecko) Chrome/100.0.4896.127 Safari/537.36"
192.168.7.24 - - [23/Apr/2022:12:13:37 -0300] "-" 408 0 "-" "-"
192.168.7.24 - - [23/Apr/2022:12:13:50 -0300] "GET /api/data/zenbo/listAppointments/id?id=1 HTTP/1.1" 200 305 "-" "Mozilla/5.0 (Windows NT 10.0; Win64; x64) AppleWebKit/537.36 (KHTML, like Gecko) Chrome/100.0.4896.127 Safari/537.36"
192.168.7.24 - - [23/Apr/2022:12:14:42 -0300] "-" 408 0 "-" "-"
192.168.7.24 - - [23/Apr/2022:12:22:48 -0300] "GET /api/data/zenbo/listAppointments/id?id=1 HTTP/1.1" 200 305 "-" "Mozilla/5.0 (Windows NT 10.0; Win64; x64) AppleWebKit/537.36 (KHTML, like Gecko) Chrome/100.0.4896.127 Safari/537.36"
192.168.7.24 - - [23/Apr/2022:12:23:41 -0300] "-" 408 0 "-" "-"
192.168.7.24 - - [23/Apr/2022:12:34:24 -0300] "GET /api/data/zenbo/listAppointments/id?id=1 HTTP/1.1" 200 305 "-" "Mozilla/5.0 (Windows NT 10.0; Win64; x64) AppleWebKit/537.36 (KHTML, like Gecko) Chrome/100.0.4896.127 Safari/537.36"
192.168.7.24 - - [23/Apr/2022:12:35:16 -0300] "-" 408 0 "-" "-"
192.168.7.24 - - [23/Apr/2022:12:41:50 -0300] "GET /api/data/zenbo/listAppointments/id?id=1 HTTP/1.1" 200 305 "-" "Mozilla/5.0 (Windows NT 10.0; Win64; x64) AppleWebKit/537.36 (KHTML, like Gecko) Chrome/100.0.4896.127 Safari/537.36"
192.168.7.24 - - [23/Apr/2022:12:42:42 -0300] "-" 408 0 "-" "-"
192.168.7.11 - - [24/Apr/2022:15:37:19 -0300] "GET / HTTP/1.1" 200 2087 "-" "Mozilla/5.0 (X11; CrOS armv7l 13597.84.0) AppleWebKit/537.36 (KHTML, like Gecko) Chrome/88.0.4324.187 Safari/537.36"
192.168.7.11 - - [24/Apr/2022:15:37:22 -0300] "GET /favicon.ico HTTP/1.1" 404 445 "http://192.168.7.11:1515/" "Mozilla/5.0 (X11; CrOS armv7l 13597.84.0) AppleWebKit/537.36 (KHTML, like Gecko) Chrome/88.0.4324.187 Safari/537.36"
192.168.7.11 - - [24/Apr/2022:15:51:30 -0300] "GET /api/data/appointment/idDate?id=1&date=2022-04-24 HTTP/1.1" 200 393 "-" "python-requests/2.21.0"
192.168.7.11 - - [24/Apr/2022:15:51:30 -0300] "GET /api/data/hospital/id?id=1 HTTP/1.1" 200 408 "-" "python-requests/2.21.0"
192.168.7.11 - - [24/Apr/2022:15:51:31 -0300] "GET /api/data/medic/id?id=1 HTTP/1.1" 200 406 "-" "python-requests/2.21.0"
192.168.7.24 - - [24/Apr/2022:15:54:11 -0300] "GET / HTTP/1.1" 200 2087 "-" "Mozilla/5.0 (Windows NT 10.0; Win64; x64) AppleWebKit/537.36 (KHTML, like Gecko) Chrome/100.0.4896.127 Safari/537.36"
192.168.7.24 - - [24/Apr/2022:15:54:11 -0300] "GET /favicon.ico HTTP/1.1" 404 445 "http://192.168.7.11:1515/" "Mozilla/5.0 (Windows NT 10.0; Win64; x64) AppleWebKit/537.36 (KHTML, like Gecko) Chrome/100.0.4896.127 Safari/537.36"
192.168.7.24 - - [24/Apr/2022:15:55:02 -0300] "-" 408 0 "-" "-"
192.168.7.24 - - [24/Apr/2022:15:57:35 -0300] "-" 408 0 "-" "-"
192.168.7.24 - - [24/Apr/2022:15:57:35 -0300] "-" 408 0 "-" "-"
192.168.7.24 - - [24/Apr/2022:16:00:10 -0300] "-" 408 0 "-" "-"
192.168.7.24 - - [24/Apr/2022:15:59:17 -0300] "GET /api/data/zenbo/listAppointments/id?id=1 HTTP/1.1" 500 807 "-" "Mozilla/5.0 (Windows NT 10.0; Win64; x64) AppleWebKit/537.36 (KHTML, like Gecko) Chrome/100.0.4896.127 Safari/537.36"
192.168.7.24 - - [24/Apr/2022:16:02:36 -0300] "GET / HTTP/1.1" 200 2087 "-" "Mozilla/5.0 (Windows NT 10.0; Win64; x64) AppleWebKit/537.36 (KHTML, like Gecko) Chrome/100.0.4896.127 Safari/537.36"
192.168.7.24 - - [24/Apr/2022:16:02:38 -0300] "GET /favicon.ico HTTP/1.1" 404 445 "http://192.168.7.11:1515/" "Mozilla/5.0 (Windows NT 10.0; Win64; x64) AppleWebKit/537.36 (KHTML, like Gecko) Chrome/100.0.4896.127 Safari/537.36"
192.168.7.24 - - [24/Apr/2022:16:03:28 -0300] "-" 408 0 "-" "-"
192.168.7.24 - - [24/Apr/2022:16:04:24 -0300] "GET / HTTP/1.1" 200 2087 "-" "Mozilla/5.0 (Windows NT 10.0; Win64; x64) AppleWebKit/537.36 (KHTML, like Gecko) Chrome/100.0.4896.127 Safari/537.36"
192.168.7.24 - - [24/Apr/2022:16:04:25 -0300] "GET /favicon.ico HTTP/1.1" 404 445 "http://192.168.7.11:1515/" "Mozilla/5.0 (Windows NT 10.0; Win64; x64) AppleWebKit/537.36 (KHTML, like Gecko) Chrome/100.0.4896.127 Safari/537.36"
192.168.7.24 - - [24/Apr/2022:16:05:17 -0300] "-" 408 0 "-" "-"
192.168.7.11 - - [24/Apr/2022:16:06:25 -0300] "GET / HTTP/1.1" 200 2087 "-" "Mozilla/5.0 (X11; CrOS armv7l 13597.84.0) AppleWebKit/537.36 (KHTML, like Gecko) Chrome/88.0.4324.187 Safari/537.36"
192.168.7.11 - - [24/Apr/2022:16:06:25 -0300] "GET /favicon.ico HTTP/1.1" 404 445 "http://192.168.7.11:1515/" "Mozilla/5.0 (X11; CrOS armv7l 13597.84.0) AppleWebKit/537.36 (KHTML, like Gecko) Chrome/88.0.4324.187 Safari/537.36"
192.168.7.24 - - [24/Apr/2022:16:05:31 -0300] "GET /api/data/zenbo/awake HTTP/1.1" 200 0 "-" "Mozilla/5.0 (Windows NT 10.0; Win64; x64) AppleWebKit/537.36 (KHTML, like Gecko) Chrome/100.0.4896.127 Safari/537.36"
192.168.7.11 - - [24/Apr/2022:16:05:53 -0300] "GET /api/data/zenbo/listAppointments/id?id=1 HTTP/1.1" 200 0 "-" "Mozilla/5.0 (X11; CrOS armv7l 13597.84.0) AppleWebKit/537.36 (KHTML, like Gecko) Chrome/88.0.4324.187 Safari/537.36"
192.168.7.24 - - [24/Apr/2022:16:05:27 -0300] "GET /api/data/zenbo/awake HTTP/1.1" 200 0 "-" "Mozilla/5.0 (Windows NT 10.0; Win64; x64) AppleWebKit/537.36 (KHTML, like Gecko) Chrome/100.0.4896.127 Safari/537.36"
192.168.7.11 - - [24/Apr/2022:16:07:26 -0300] "GET /api/data/zenbo/awake HTTP/1.1" 200 0 "-" "Mozilla/5.0 (X11; CrOS armv7l 13597.84.0) AppleWebKit/537.36 (KHTML, like Gecko) Chrome/88.0.4324.187 Safari/537.36"
192.168.7.11 - - [24/Apr/2022:16:11:11 -0300] "GET / HTTP/1.1" 200 2087 "-" "Mozilla/5.0 (X11; CrOS armv7l 13597.84.0) AppleWebKit/537.36 (KHTML, like Gecko) Chrome/88.0.4324.187 Safari/537.36"
192.168.7.11 - - [24/Apr/2022:16:11:14 -0300] "GET /favicon.ico HTTP/1.1" 404 445 "http://192.168.7.11:1515/" "Mozilla/5.0 (X11; CrOS armv7l 13597.84.0) AppleWebKit/537.36 (KHTML, like Gecko) Chrome/88.0.4324.187 Safari/537.36"
192.168.7.11 - - [24/Apr/2022:16:12:25 -0300] "GET /api/data/zenbo/awake HTTP/1.1" 200 305 "-" "Mozilla/5.0 (X11; CrOS armv7l 13597.84.0) AppleWebKit/537.36 (KHTML, like Gecko) Chrome/88.0.4324.187 Safari/537.36"
192.168.7.24 - - [24/Apr/2022:16:12:31 -0300] "GET /api/data/zenbo/awake HTTP/1.1" 200 305 "-" "Mozilla/5.0 (Windows NT 10.0; Win64; x64) AppleWebKit/537.36 (KHTML, like Gecko) Chrome/100.0.4896.127 Safari/537.36"
192.168.7.24 - - [24/Apr/2022:16:12:37 -0300] "GET /favicon.ico HTTP/1.1" 404 445 "http://192.168.7.11:1515/api/data/zenbo/awake" "Mozilla/5.0 (Windows NT 10.0; Win64; x64) AppleWebKit/537.36 (KHTML, like Gecko) Chrome/100.0.4896.127 Safari/537.36"
192.168.7.24 - - [24/Apr/2022:16:12:40 -0300] "GET /api/data/zenbo/awake HTTP/1.1" 200 304 "-" "Mozilla/5.0 (Windows NT 10.0; Win64; x64) AppleWebKit/537.36 (KHTML, like Gecko) Chrome/100.0.4896.127 Safari/537.36"
192.168.7.11 - - [24/Apr/2022:16:13:14 -0300] "GET /api/data/appointment/idDate?id=1&date=2022-04-24 HTTP/1.1" 200 393 "-" "python-requests/2.26.0"
192.168.7.11 - - [24/Apr/2022:16:13:14 -0300] "GET /api/data/hospital/id?id=1 HTTP/1.1" 200 408 "-" "python-requests/2.26.0"
192.168.7.11 - - [24/Apr/2022:16:13:14 -0300] "GET /api/data/medic/id?id=1 HTTP/1.1" 200 406 "-" "python-requests/2.26.0"
192.168.7.24 - - [24/Apr/2022:16:13:08 -0300] "GET /api/data/zenbo/listAppointments/id?id=1 HTTP/1.1" 200 305 "-" "Mozilla/5.0 (Windows NT 10.0; Win64; x64) AppleWebKit/537.36 (KHTML, like Gecko) Chrome/100.0.4896.127 Safari/537.36"
192.168.7.24 - - [24/Apr/2022:16:14:00 -0300] "-" 408 0 "-" "-"
192.168.7.24 - - [24/Apr/2022:16:23:10 -0300] "GET /api/data/zenbo/listWeekAppointments/id?id=1 HTTP/1.1" 200 305 "-" "Mozilla/5.0 (Windows NT 10.0; Win64; x64) AppleWebKit/537.36 (KHTML, like Gecko) Chrome/100.0.4896.127 Safari/537.36"
192.168.7.24 - - [24/Apr/2022:16:24:03 -0300] "-" 408 0 "-" "-"
192.168.7.11 - - [24/Apr/2022:16:24:14 -0300] "GET /api/data/appointment/week?id=1 HTTP/1.1" 200 393 "-" "python-requests/2.26.0"
192.168.7.11 - - [24/Apr/2022:16:24:15 -0300] "GET /api/data/hospital/id?id=1 HTTP/1.1" 200 408 "-" "python-requests/2.26.0"
192.168.7.11 - - [24/Apr/2022:16:24:15 -0300] "GET /api/data/medic/id?id=1 HTTP/1.1" 200 406 "-" "python-requests/2.26.0"
192.168.7.24 - - [24/Apr/2022:16:24:08 -0300] "GET /api/data/zenbo/listWeekAppointments/id?id=1 HTTP/1.1" 200 305 "-" "Mozilla/5.0 (Windows NT 10.0; Win64; x64) AppleWebKit/537.36 (KHTML, like Gecko) Chrome/100.0.4896.127 Safari/537.36"
192.168.7.24 - - [24/Apr/2022:16:25:00 -0300] "-" 408 0 "-" "-"
192.168.7.11 - - [24/Apr/2022:16:25:16 -0300] "GET /api/data/treatment/id?id=1 HTTP/1.1" 200 441 "-" "python-requests/2.26.0"
192.168.7.11 - - [24/Apr/2022:16:25:16 -0300] "GET /api/data/medication/id?id=1 HTTP/1.1" 200 411 "-" "python-requests/2.26.0"
192.168.7.24 - - [24/Apr/2022:16:25:11 -0300] "GET /api/data/zenbo/listTreatments/id?id=1 HTTP/1.1" 200 305 "-" "Mozilla/5.0 (Windows NT 10.0; Win64; x64) AppleWebKit/537.36 (KHTML, like Gecko) Chrome/100.0.4896.127 Safari/537.36"
192.168.7.24 - - [24/Apr/2022:16:26:03 -0300] "-" 408 0 "-" "-"
192.168.7.24 - - [24/Apr/2022:16:26:11 -0300] "GET /api/data/zenbo/nextMedication/id?id=1 HTTP/1.1" 200 305 "-" "Mozilla/5.0 (Windows NT 10.0; Win64; x64) AppleWebKit/537.36 (KHTML, like Gecko) Chrome/100.0.4896.127 Safari/537.36"
192.168.7.24 - - [24/Apr/2022:16:27:04 -0300] "-" 408 0 "-" "-"
192.168.7.24 - - [24/Apr/2022:16:30:15 -0300] "GET /api/data/zenbo/nextMedication/id?id=1 HTTP/1.1" 200 305 "-" "Mozilla/5.0 (Windows NT 10.0; Win64; x64) AppleWebKit/537.36 (KHTML, like Gecko) Chrome/100.0.4896.127 Safari/537.36"
192.168.7.24 - - [24/Apr/2022:16:31:07 -0300] "-" 408 0 "-" "-"
192.168.7.11 - - [24/Apr/2022:16:31:17 -0300] "GET /api/data/treatment/id?id=1 HTTP/1.1" 200 441 "-" "python-requests/2.26.0"
192.168.7.11 - - [24/Apr/2022:16:31:18 -0300] "GET /api/data/medication/id?id=1 HTTP/1.1" 200 411 "-" "python-requests/2.26.0"
192.168.7.24 - - [24/Apr/2022:16:31:08 -0300] "GET /api/data/zenbo/nextMedication/id?id=1 HTTP/1.1" 200 305 "-" "Mozilla/5.0 (Windows NT 10.0; Win64; x64) AppleWebKit/537.36 (KHTML, like Gecko) Chrome/100.0.4896.127 Safari/537.36"
192.168.7.24 - - [24/Apr/2022:16:32:01 -0300] "-" 408 0 "-" "-"
192.168.7.11 - - [24/Apr/2022:16:53:40 -0300] "GET /api/data/treatment/id?id=1 HTTP/1.1" 200 451 "-" "python-requests/2.26.0"
192.168.7.11 - - [24/Apr/2022:16:53:40 -0300] "GET /api/data/medication/id?id=1 HTTP/1.1" 200 411 "-" "python-requests/2.26.0"
192.168.7.24 - - [24/Apr/2022:16:53:30 -0300] "GET /api/data/zenbo/nextMedication/id?id=1 HTTP/1.1" 200 305 "-" "Mozilla/5.0 (Windows NT 10.0; Win64; x64) AppleWebKit/537.36 (KHTML, like Gecko) Chrome/100.0.4896.127 Safari/537.36"
192.168.7.24 - - [24/Apr/2022:16:54:23 -0300] "-" 408 0 "-" "-"
189.40.90.220 - - [24/Apr/2022:17:18:33 -0300] "GET / HTTP/1.1" 200 2087 "-" "Mozilla/5.0 (Linux; Android 11; Redmi Note 9S) AppleWebKit/537.36 (KHTML, like Gecko) Chrome/100.0.4896.127 Mobile Safari/537.36"
189.40.90.220 - - [24/Apr/2022:17:19:58 -0300] "GET /api/data/zenbo/awake HTTP/1.1" 200 305 "-" "Mozilla/5.0 (Linux; Android 11; Redmi Note 9S) AppleWebKit/537.36 (KHTML, like Gecko) Chrome/100.0.4896.127 Mobile Safari/537.36"
189.40.90.220 - - [24/Apr/2022:17:20:24 -0300] "-" 408 0 "-" "-"
189.40.90.220 - - [24/Apr/2022:17:20:38 -0300] "GET / HTTP/1.1" 200 2087 "-" "Mozilla/5.0 (Linux; Android 11; Redmi Note 9S) AppleWebKit/537.36 (KHTML, like Gecko) Chrome/100.0.4896.127 Mobile Safari/537.36"
189.40.90.220 - - [24/Apr/2022:17:20:48 -0300] "GET /api/data/zenbo/awake HTTP/1.1" 200 305 "-" "Mozilla/5.0 (Linux; Android 11; Redmi Note 9S) AppleWebKit/537.36 (KHTML, like Gecko) Chrome/100.0.4896.127 Mobile Safari/537.36"
201.83.38.85 - - [24/Apr/2022:17:21:08 -0300] "GET / HTTP/1.1" 200 2087 "-" "Mozilla/5.0 (Linux; Android 10; Redmi Note 8) AppleWebKit/537.36 (KHTML, like Gecko) Chrome/100.0.4896.127 Mobile Safari/537.36"
189.40.90.220 - - [24/Apr/2022:17:21:04 -0300] "GET /api/data/zenbo/awake HTTP/1.1" 200 305 "-" "Mozilla/5.0 (Linux; Android 11; Redmi Note 9S) AppleWebKit/537.36 (KHTML, like Gecko) Chrome/100.0.4896.127 Mobile Safari/537.36"
201.83.38.85 - - [24/Apr/2022:17:21:10 -0300] "GET /favicon.ico HTTP/1.1" 404 445 "http://191.135.155.10:1515/" "Mozilla/5.0 (Linux; Android 10; Redmi Note 8) AppleWebKit/537.36 (KHTML, like Gecko) Chrome/100.0.4896.127 Mobile Safari/537.36"
201.83.38.85 - - [24/Apr/2022:17:22:01 -0300] "-" 408 0 "-" "-"
189.40.90.220 - - [24/Apr/2022:17:22:07 -0300] "-" 408 0 "-" "-"
189.40.90.220 - - [24/Apr/2022:17:22:08 -0300] "-" 408 0 "-" "-"
201.83.38.85 - - [24/Apr/2022:17:23:13 -0300] "GET /api/data/zenbo/awake HTTP/1.1" 200 305 "-" "Mozilla/5.0 (Linux; Android 10; Redmi Note 8) AppleWebKit/537.36 (KHTML, like Gecko) Chrome/100.0.4896.127 Mobile Safari/537.36"
189.40.90.220 - - [24/Apr/2022:17:23:29 -0300] "-" 408 0 "-" "-"
189.40.90.220 - - [24/Apr/2022:17:23:29 -0300] "-" 408 0 "-" "-"
201.83.38.85 - - [24/Apr/2022:17:23:36 -0300] "GET /api/data/zenbo/awake HTTP/1.1" 200 305 "-" "Mozilla/5.0 (Linux; Android 10; Redmi Note 8) AppleWebKit/537.36 (KHTML, like Gecko) Chrome/100.0.4896.127 Mobile Safari/537.36"
201.83.38.85 - - [24/Apr/2022:17:24:28 -0300] "-" 408 0 "-" "-"
52.86.41.55 - - [24/Apr/2022:17:30:00 -0300] "GET /api/data/zenbo/awake HTTP/1.1" 200 305 "-" "python-requests/2.25.1"
52.86.41.55 - - [24/Apr/2022:17:31:16 -0300] "GET /api/data/zenbo/awake HTTP/1.1" 200 305 "-" "python-requests/2.25.1"
192.168.7.11 - - [24/Apr/2022:17:33:08 -0300] "GET /api/data/treatment/id?id=1 HTTP/1.1" 200 451 "-" "python-requests/2.26.0"
192.168.7.11 - - [24/Apr/2022:17:33:09 -0300] "GET /api/data/medication/id?id=1 HTTP/1.1" 200 411 "-" "python-requests/2.26.0"
