52.86.41.55 - - [24/Apr/2022:17:33:03 -0300] "GET /api/data/zenbo/listTreatments/id?id=1 HTTP/1.1" 200 305 "-" "python-requests/2.25.1"
192.168.7.11 - - [24/Apr/2022:17:34:32 -0300] "GET /api/data/treatment/id?id=1 HTTP/1.1" 200 451 "-" "python-requests/2.26.0"
192.168.7.11 - - [24/Apr/2022:17:34:32 -0300] "GET /api/data/medication/id?id=1 HTTP/1.1" 200 411 "-" "python-requests/2.26.0"
52.86.41.55 - - [24/Apr/2022:17:34:27 -0300] "GET /api/data/zenbo/listTreatments/id?id=1 HTTP/1.1" 200 305 "-" "python-requests/2.25.1"
192.168.170.125 - - [28/Apr/2022:19:58:15 -0300] "GET / HTTP/1.1" 200 2087 "-" "Mozilla/5.0 (X11; CrOS armv7l 13597.84.0) AppleWebKit/537.36 (KHTML, like Gecko) Chrome/88.0.4324.187 Safari/537.36"
192.168.170.125 - - [28/Apr/2022:19:58:19 -0300] "GET /favicon.ico HTTP/1.1" 404 445 "http://192.168.170.125:1515/" "Mozilla/5.0 (X11; CrOS armv7l 13597.84.0) AppleWebKit/537.36 (KHTML, like Gecko) Chrome/88.0.4324.187 Safari/537.36"
192.168.170.125 - - [28/Apr/2022:20:20:36 -0300] "GET / HTTP/1.1" 200 2087 "-" "Mozilla/5.0 (X11; CrOS armv7l 13597.84.0) AppleWebKit/537.36 (KHTML, like Gecko) Chrome/88.0.4324.187 Safari/537.36"
192.168.170.125 - - [28/Apr/2022:20:20:36 -0300] "GET /favicon.ico HTTP/1.1" 404 445 "http://192.168.170.125:1515/" "Mozilla/5.0 (X11; CrOS armv7l 13597.84.0) AppleWebKit/537.36 (KHTML, like Gecko) Chrome/88.0.4324.187 Safari/537.36"
192.168.170.125 - - [28/Apr/2022:21:13:15 -0300] "GET / HTTP/1.1" 200 2087 "-" "Mozilla/5.0 (X11; CrOS armv7l 13597.84.0) AppleWebKit/537.36 (KHTML, like Gecko) Chrome/88.0.4324.187 Safari/537.36"
192.168.7.11 - - [28/Apr/2022:21:33:42 -0300] "GET / HTTP/1.1" 200 2087 "-" "Mozilla/5.0 (X11; CrOS armv7l 13597.84.0) AppleWebKit/537.36 (KHTML, like Gecko) Chrome/88.0.4324.187 Safari/537.36"
192.168.7.11 - - [28/Apr/2022:21:33:46 -0300] "GET /favicon.ico HTTP/1.1" 404 445 "http://192.168.7.11:1515/" "Mozilla/5.0 (X11; CrOS armv7l 13597.84.0) AppleWebKit/537.36 (KHTML, like Gecko) Chrome/88.0.4324.187 Safari/537.36"
192.168.7.11 - - [30/Apr/2022:19:23:17 -0300] "GET / HTTP/1.1" 200 2087 "-" "Mozilla/5.0 (X11; CrOS armv7l 13597.84.0) AppleWebKit/537.36 (KHTML, like Gecko) Chrome/88.0.4324.187 Safari/537.36"
192.168.7.11 - - [30/Apr/2022:19:23:20 -0300] "GET /favicon.ico HTTP/1.1" 404 445 "http://192.168.7.11:1515/" "Mozilla/5.0 (X11; CrOS armv7l 13597.84.0) AppleWebKit/537.36 (KHTML, like Gecko) Chrome/88.0.4324.187 Safari/537.36"
191.23.62.233 - - [30/Apr/2022:19:33:29 -0300] "GET / HTTP/1.1" 200 2087 "android-app://com.google.android.googlequicksearchbox/" "Mozilla/5.0 (Linux; Android 11; SM-A715F) AppleWebKit/537.36 (KHTML, like Gecko) Chrome/101.0.4951.41 Mobile Safari/537.36"
191.23.62.233 - - [30/Apr/2022:19:33:29 -0300] "GET /favicon.ico HTTP/1.1" 404 445 "http://191.135.155.10:1515/" "Mozilla/5.0 (Linux; Android 11; SM-A715F) AppleWebKit/537.36 (KHTML, like Gecko) Chrome/101.0.4951.41 Mobile Safari/537.36"
191.23.62.233 - - [30/Apr/2022:19:40:22 -0300] "GET / HTTP/1.1" 200 2087 "android-app://com.google.android.googlequicksearchbox/" "Mozilla/5.0 (Linux; Android 11; SM-A715F) AppleWebKit/537.36 (KHTML, like Gecko) Chrome/101.0.4951.41 Mobile Safari/537.36"
191.23.62.233 - - [30/Apr/2022:19:41:39 -0300] "GET / HTTP/1.1" 200 2087 "android-app://com.google.android.googlequicksearchbox/" "Mozilla/5.0 (Linux; Android 11; SM-A715F) AppleWebKit/537.36 (KHTML, like Gecko) Chrome/101.0.4951.41 Mobile Safari/537.36"
191.23.62.233 - - [30/Apr/2022:19:48:56 -0300] "GET /+/+ HTTP/1.1" 404 446 "-" "Mozilla/5.0 (Linux; Android 11; SM-A715F) AppleWebKit/537.36 (KHTML, like Gecko) Chrome/101.0.4951.41 Mobile Safari/537.36"
191.23.62.233 - - [30/Apr/2022:19:49:12 -0300] "GET /reaf HTTP/1.1" 404 446 "-" "Mozilla/5.0 (Linux; Android 11; SM-A715F) AppleWebKit/537.36 (KHTML, like Gecko) Chrome/101.0.4951.41 Mobile Safari/537.36"
191.23.62.233 - - [30/Apr/2022:19:49:18 -0300] "GET /read HTTP/1.1" 404 446 "-" "Mozilla/5.0 (Linux; Android 11; SM-A715F) AppleWebKit/537.36 (KHTML, like Gecko) Chrome/101.0.4951.41 Mobile Safari/537.36"
191.23.62.233 - - [30/Apr/2022:19:52:00 -0300] "GET /api/data/zenbo/awake HTTP/1.1" 200 305 "-" "Mozilla/5.0 (Linux; Android 11; SM-A715F) AppleWebKit/537.36 (KHTML, like Gecko) Chrome/101.0.4951.41 Mobile Safari/537.36"
192.168.7.24 - - [30/Apr/2022:20:40:59 -0300] "POST /api/data/users/create HTTP/1.1" 200 368 "-" "PostmanRuntime/7.28.4"
192.168.7.24 - - [30/Apr/2022:20:41:20 -0300] "POST /api/data/users/create HTTP/1.1" 200 368 "-" "PostmanRuntime/7.28.4"
192.168.7.24 - - [30/Apr/2022:20:41:52 -0300] "POST /api/data/users/create HTTP/1.1" 200 321 "-" "PostmanRuntime/7.28.4"
192.168.7.24 - - [30/Apr/2022:20:43:00 -0300] "POST /api/data/medication/create HTTP/1.1" 200 321 "-" "PostmanRuntime/7.28.4"
192.168.7.24 - - [30/Apr/2022:20:44:25 -0300] "POST /api/data/medic/create HTTP/1.1" 200 321 "-" "PostmanRuntime/7.28.4"
192.168.7.24 - - [30/Apr/2022:20:46:07 -0300] "POST /api/data/medic/create HTTP/1.1" 200 321 "-" "PostmanRuntime/7.28.4"
192.168.7.24 - - [30/Apr/2022:20:46:39 -0300] "POST /api/data/hospital/create HTTP/1.1" 200 321 "-" "PostmanRuntime/7.28.4"
192.168.7.24 - - [30/Apr/2022:20:47:05 -0300] "POST /api/data/hospital/create HTTP/1.1" 200 321 "-" "PostmanRuntime/7.28.4"
192.168.7.24 - - [30/Apr/2022:20:50:24 -0300] "POST /api/data/treatment/create HTTP/1.1" 200 321 "-" "PostmanRuntime/7.28.4"
192.168.7.24 - - [30/Apr/2022:20:51:30 -0300] "POST /api/data/appointment/create HTTP/1.1" 500 807 "-" "PostmanRuntime/7.28.4"
192.168.7.24 - - [30/Apr/2022:20:52:26 -0300] "POST /api/data/appointment/create HTTP/1.1" 500 807 "-" "PostmanRuntime/7.28.4"
192.168.7.24 - - [30/Apr/2022:20:53:22 -0300] "POST /api/data/appointment/create HTTP/1.1" 200 321 "-" "PostmanRuntime/7.28.4"
100.26.176.243 - - [30/Apr/2022:21:16:06 -0300] "GET /api/data/zenbo/awake HTTP/1.1" 200 305 "-" "python-requests/2.25.1"
100.26.176.243 - - [30/Apr/2022:21:16:40 -0300] "GET /api/data/zenbo/awake HTTP/1.1" 200 305 "-" "python-requests/2.25.1"
192.168.7.11 - - [30/Apr/2022:21:18:15 -0300] "GET /api/data/treatment/id?id=2 HTTP/1.1" 200 451 "-" "python-requests/2.26.0"
192.168.7.11 - - [30/Apr/2022:21:18:16 -0300] "GET /api/data/medication/id?id=2 HTTP/1.1" 200 397 "-" "python-requests/2.26.0"
100.26.176.243 - - [30/Apr/2022:21:18:06 -0300] "GET /api/data/zenbo/nextMedication/id?id=2 HTTP/1.1" 200 305 "-" "python-requests/2.25.1"
192.168.7.11 - - [30/Apr/2022:21:23:48 -0300] "GET /api/data/appointment/week?id=2 HTTP/1.1" 200 396 "-" "python-requests/2.26.0"
192.168.7.11 - - [30/Apr/2022:21:23:49 -0300] "GET /api/data/hospital/id?id=2 HTTP/1.1" 200 405 "-" "python-requests/2.26.0"
192.168.7.11 - - [30/Apr/2022:21:23:49 -0300] "GET /api/data/medic/id?id=3 HTTP/1.1" 200 415 "-" "python-requests/2.26.0"
100.26.176.243 - - [30/Apr/2022:21:23:42 -0300] "GET /api/data/zenbo/listWeekAppointments/id?id=2 HTTP/1.1" 200 305 "-" "python-requests/2.25.1"
192.168.7.11 - - [30/Apr/2022:21:24:59 -0300] "GET /api/data/appointment/idDate?id=2&date=2022-04-30 HTTP/1.1" 200 396 "-" "python-requests/2.26.0"
192.168.7.11 - - [30/Apr/2022:21:24:59 -0300] "GET /api/data/hospital/id?id=2 HTTP/1.1" 200 405 "-" "python-requests/2.26.0"
192.168.7.11 - - [30/Apr/2022:21:24:59 -0300] "GET /api/data/medic/id?id=3 HTTP/1.1" 200 415 "-" "python-requests/2.26.0"
100.26.176.243 - - [30/Apr/2022:21:24:53 -0300] "GET /api/data/zenbo/listAppointments/id?id=2 HTTP/1.1" 200 305 "-" "python-requests/2.25.1"
192.168.7.11 - - [30/Apr/2022:21:27:45 -0300] "GET /api/data/treatment/id?id=2 HTTP/1.1" 200 451 "-" "python-requests/2.26.0"
192.168.7.11 - - [30/Apr/2022:21:27:45 -0300] "GET /api/data/medication/id?id=2 HTTP/1.1" 200 397 "-" "python-requests/2.26.0"
100.26.176.243 - - [30/Apr/2022:21:27:36 -0300] "GET /api/data/zenbo/nextMedication/id?id=2 HTTP/1.1" 200 305 "-" "python-requests/2.25.1"
192.168.7.11 - - [30/Apr/2022:21:31:26 -0300] "GET /api/data/treatment/id?id=2 HTTP/1.1" 200 451 "-" "python-requests/2.26.0"
192.168.7.11 - - [30/Apr/2022:21:31:27 -0300] "GET /api/data/medication/id?id=2 HTTP/1.1" 200 397 "-" "python-requests/2.26.0"
192.168.7.11 - - [30/Apr/2022:21:31:51 -0300] "PUT /api/data/treatment/update HTTP/1.1" 200 320 "-" "python-requests/2.26.0"
100.26.176.243 - - [30/Apr/2022:21:31:22 -0300] "GET /api/data/zenbo/ingestMed?userId=2&treatmentId=2 HTTP/1.1" 200 305 "-" "python-requests/2.25.1"
192.168.7.24 - - [06/May/2022:18:00:02 -0300] "GET / HTTP/1.1" 200 2087 "-" "Mozilla/5.0 (Windows NT 10.0; Win64; x64) AppleWebKit/537.36 (KHTML, like Gecko) Chrome/101.0.4951.54 Safari/537.36"
192.168.7.24 - - [06/May/2022:18:00:04 -0300] "GET /favicon.ico HTTP/1.1" 404 445 "http://192.168.7.11:1515/" "Mozilla/5.0 (Windows NT 10.0; Win64; x64) AppleWebKit/537.36 (KHTML, like Gecko) Chrome/101.0.4951.54 Safari/537.36"
192.168.7.24 - - [06/May/2022:18:00:55 -0300] "-" 408 0 "-" "-"
192.168.7.24 - - [06/May/2022:18:07:30 -0300] "GET /favicon.ico HTTP/1.1" 404 446 "http://192.168.7.11:1515/" "Mozilla/5.0 (Windows NT 10.0; Win64; x64) AppleWebKit/537.36 (KHTML, like Gecko) Chrome/101.0.4951.54 Safari/537.36"
192.168.7.24 - - [06/May/2022:18:07:47 -0300] "GET /api/data/zenbo/awake HTTP/1.1" 200 305 "-" "Mozilla/5.0 (Windows NT 10.0; Win64; x64) AppleWebKit/537.36 (KHTML, like Gecko) Chrome/101.0.4951.54 Safari/537.36"
192.168.7.24 - - [06/May/2022:18:07:51 -0300] "GET /api/data/zenbo/awake HTTP/1.1" 200 305 "-" "Mozilla/5.0 (Windows NT 10.0; Win64; x64) AppleWebKit/537.36 (KHTML, like Gecko) Chrome/101.0.4951.54 Safari/537.36"
192.168.7.24 - - [06/May/2022:18:08:06 -0300] "GET /api/data/zenbo/awake HTTP/1.1" 200 305 "-" "Mozilla/5.0 (Windows NT 10.0; Win64; x64) AppleWebKit/537.36 (KHTML, like Gecko) Chrome/101.0.4951.54 Safari/537.36"
192.168.7.24 - - [06/May/2022:18:08:17 -0300] "GET /api/data/zenbo/awake HTTP/1.1" 200 305 "-" "Mozilla/5.0 (Windows NT 10.0; Win64; x64) AppleWebKit/537.36 (KHTML, like Gecko) Chrome/101.0.4951.54 Safari/537.36"
192.168.7.24 - - [06/May/2022:18:09:09 -0300] "-" 408 0 "-" "-"
3.237.47.133 - - [06/May/2022:18:40:41 -0300] "GET /api/data/zenbo/awake HTTP/1.1" 200 305 "-" "python-requests/2.25.1"
192.168.7.24 - - [06/May/2022:19:26:06 -0300] "POST /api/data/users/create HTTP/1.1" 200 321 "-" "PostmanRuntime/7.28.4"
192.168.7.24 - - [06/May/2022:19:26:19 -0300] "POST /api/data/medication/create HTTP/1.1" 200 321 "-" "PostmanRuntime/7.28.4"
192.168.7.24 - - [06/May/2022:19:26:36 -0300] "POST /api/data/medic/create HTTP/1.1" 200 321 "-" "PostmanRuntime/7.28.4"
192.168.7.24 - - [06/May/2022:19:26:57 -0300] "POST /api/data/hospital/create HTTP/1.1" 200 321 "-" "PostmanRuntime/7.28.4"
192.168.7.24 - - [06/May/2022:19:27:04 -0300] "POST /api/data/appointment/create HTTP/1.1" 200 321 "-" "PostmanRuntime/7.28.4"
192.168.7.24 - - [06/May/2022:19:27:11 -0300] "POST /api/data/treatment/create HTTP/1.1" 200 321 "-" "PostmanRuntime/7.28.4"
54.85.83.180 - - [06/May/2022:19:32:14 -0300] "GET /api/data/zenbo/awake HTTP/1.1" 200 305 "-" "python-requests/2.25.1"
192.168.7.11 - - [06/May/2022:19:35:25 -0300] "GET /api/data/appointment/week?id=3 HTTP/1.1" 200 396 "-" "python-requests/2.26.0"
192.168.7.11 - - [06/May/2022:19:35:26 -0300] "GET /api/data/hospital/id?id=4 HTTP/1.1" 200 418 "-" "python-requests/2.26.0"
192.168.7.11 - - [06/May/2022:19:35:26 -0300] "GET /api/data/medic/id?id=4 HTTP/1.1" 200 419 "-" "python-requests/2.26.0"
54.85.83.180 - - [06/May/2022:19:35:19 -0300] "GET /api/data/zenbo/listWeekAppointments/id?id=3 HTTP/1.1" 200 305 "-" "python-requests/2.25.1"
192.168.7.11 - - [06/May/2022:19:37:36 -0300] "GET /api/data/treatment/id?id=3 HTTP/1.1" 200 458 "-" "python-requests/2.26.0"
192.168.7.11 - - [06/May/2022:19:37:37 -0300] "GET /api/data/medication/id?id=3 HTTP/1.1" 200 407 "-" "python-requests/2.26.0"
54.85.83.180 - - [06/May/2022:19:37:31 -0300] "GET /api/data/zenbo/listTreatments/id?id=3 HTTP/1.1" 200 305 "-" "python-requests/2.25.1"
192.168.7.11 - - [06/May/2022:19:40:45 -0300] "GET /api/data/treatment/id?id=3 HTTP/1.1" 200 458 "-" "python-requests/2.26.0"
192.168.7.11 - - [06/May/2022:19:40:45 -0300] "GET /api/data/medication/id?id=3 HTTP/1.1" 200 407 "-" "python-requests/2.26.0"
54.85.83.180 - - [06/May/2022:19:40:36 -0300] "GET /api/data/zenbo/nextMedication/id?id=3 HTTP/1.1" 200 305 "-" "python-requests/2.25.1"
192.168.7.11 - - [06/May/2022:19:42:29 -0300] "GET /api/data/appointment/idDate?id=3&date=2022-05-06 HTTP/1.1" 200 396 "-" "python-requests/2.26.0"
192.168.7.11 - - [06/May/2022:19:42:29 -0300] "GET /api/data/hospital/id?id=4 HTTP/1.1" 200 418 "-" "python-requests/2.26.0"
192.168.7.11 - - [06/May/2022:19:42:30 -0300] "GET /api/data/medic/id?id=4 HTTP/1.1" 200 419 "-" "python-requests/2.26.0"
54.85.83.180 - - [06/May/2022:19:42:24 -0300] "GET /api/data/zenbo/listAppointments/id?id=3 HTTP/1.1" 200 305 "-" "python-requests/2.25.1"
192.168.7.11 - - [06/May/2022:19:44:36 -0300] "GET /api/data/treatment/id?id=3 HTTP/1.1" 200 458 "-" "python-requests/2.26.0"
192.168.7.11 - - [06/May/2022:19:44:36 -0300] "GET /api/data/medication/id?id=3 HTTP/1.1" 200 407 "-" "python-requests/2.26.0"
192.168.7.11 - - [06/May/2022:19:45:01 -0300] "PUT /api/data/treatment/update HTTP/1.1" 200 320 "-" "python-requests/2.26.0"
54.85.83.180 - - [06/May/2022:19:44:31 -0300] "GET /api/data/zenbo/ingestMed?userId=3&treatmentId=3 HTTP/1.1" 200 305 "-" "python-requests/2.25.1"
192.168.15.85 - - [13/May/2022:19:27:48 -0300] "GET / HTTP/1.1" 200 2087 "-" "Mozilla/5.0 (X11; CrOS armv7l 13597.84.0) AppleWebKit/537.36 (KHTML, like Gecko) Chrome/88.0.4324.187 Safari/537.36"
192.168.15.85 - - [13/May/2022:19:28:39 -0300] "GET /api/data/zenbo/awake HTTP/1.1" 200 305 "-" "Mozilla/5.0 (X11; CrOS armv7l 13597.84.0) AppleWebKit/537.36 (KHTML, like Gecko) Chrome/88.0.4324.187 Safari/537.36"
189.40.74.54 - - [13/May/2022:19:47:02 -0300] "GET / HTTP/1.1" 200 2087 "-" "Mozilla/5.0 (Linux; Android 11; Redmi Note 9S) AppleWebKit/537.36 (KHTML, like Gecko) Chrome/101.0.4951.61 Mobile Safari/537.36"
189.40.74.54 - - [13/May/2022:19:47:02 -0300] "GET /favicon.ico HTTP/1.1" 404 445 "http://187.10.106.82:1515/" "Mozilla/5.0 (Linux; Android 11; Redmi Note 9S) AppleWebKit/537.36 (KHTML, like Gecko) Chrome/101.0.4951.61 Mobile Safari/537.36"
189.40.74.54 - - [13/May/2022:19:47:56 -0300] "-" 408 0 "-" "-"
189.40.74.54 - - [13/May/2022:19:48:54 -0300] "-" 408 0 "-" "-"
3.235.186.199 - - [13/May/2022:19:46:01 -0300] "GET /api/data/zenbo/awake HTTP/1.1" 200 305 "-" "python-requests/2.25.1"
189.40.74.54 - - [13/May/2022:19:48:30 -0300] "GET /api/data/zenbo/awake HTTP/1.1" 200 305 "-" "Mozilla/5.0 (Linux; Android 11; Redmi Note 9S) AppleWebKit/537.36 (KHTML, like Gecko) Chrome/101.0.4951.61 Mobile Safari/537.36"
189.40.74.54 - - [13/May/2022:19:49:45 -0300] "GET /api/data/zenbo/awake HTTP/1.1" 200 305 "-" "Mozilla/5.0 (Linux; Android 11; Redmi Note 9S) AppleWebKit/537.36 (KHTML, like Gecko) Chrome/101.0.4951.61 Mobile Safari/537.36"
189.40.74.54 - - [13/May/2022:19:53:21 -0300] "GET /api/data/zenbo/awake HTTP/1.1" 200 305 "-" "Mozilla/5.0 (Linux; Android 11; Redmi Note 9S) AppleWebKit/537.36 (KHTML, like Gecko) Chrome/101.0.4951.61 Mobile Safari/537.36"
189.40.74.54 - - [13/May/2022:19:54:19 -0300] "-" 408 0 "-" "-"
192.168.15.83 - - [13/May/2022:20:21:28 -0300] "POST /api/data/users/create HTTP/1.1" 200 321 "-" "PostmanRuntime/7.28.4"
192.168.15.83 - - [13/May/2022:20:22:28 -0300] "POST /api/data/medication/create HTTP/1.1" 200 321 "-" "PostmanRuntime/7.28.4"
192.168.15.83 - - [13/May/2022:20:27:29 -0300] "POST /api/data/medic/create HTTP/1.1" 200 321 "-" "PostmanRuntime/7.28.4"
192.168.15.83 - - [13/May/2022:20:28:16 -0300] "POST /api/data/hospital/create HTTP/1.1" 200 321 "-" "PostmanRuntime/7.28.4"
192.168.15.83 - - [13/May/2022:20:30:17 -0300] "POST /api/data/appointment/create HTTP/1.1" 200 321 "-" "PostmanRuntime/7.28.4"
192.168.15.83 - - [13/May/2022:20:33:10 -0300] "POST /api/data/treatment/create HTTP/1.1" 200 321 "-" "PostmanRuntime/7.28.4"
3.221.163.185 - - [13/May/2022:20:39:14 -0300] "GET /api/data/zenbo/awake HTTP/1.1" 200 305 "-" "python-requests/2.25.1"
192.168.15.85 - - [13/May/2022:20:41:34 -0300] "GET /api/data/appointment/idDate?id=4&date=2022-05-13 HTTP/1.1" 200 391 "-" "python-requests/2.26.0"
192.168.15.85 - - [13/May/2022:20:41:34 -0300] "GET /api/data/hospital/id?id=4 HTTP/1.1" 200 418 "-" "python-requests/2.26.0"
192.168.15.85 - - [13/May/2022:20:41:35 -0300] "GET /api/data/medic/id?id=5 HTTP/1.1" 200 422 "-" "python-requests/2.26.0"
54.88.172.228 - - [13/May/2022:20:41:29 -0300] "GET /api/data/zenbo/listAppointments/id?id=4 HTTP/1.1" 200 305 "-" "python-requests/2.25.1"
192.168.15.85 - - [13/May/2022:20:43:02 -0300] "GET /api/data/appointment/week?id=4 HTTP/1.1" 200 391 "-" "python-requests/2.26.0"
192.168.15.85 - - [13/May/2022:20:43:02 -0300] "GET /api/data/hospital/id?id=4 HTTP/1.1" 200 418 "-" "python-requests/2.26.0"
192.168.15.85 - - [13/May/2022:20:43:03 -0300] "GET /api/data/medic/id?id=5 HTTP/1.1" 200 422 "-" "python-requests/2.26.0"
54.88.172.228 - - [13/May/2022:20:42:56 -0300] "GET /api/data/zenbo/listWeekAppointments/id?id=4 HTTP/1.1" 200 305 "-" "python-requests/2.25.1"
192.168.15.85 - - [13/May/2022:20:45:28 -0300] "GET /api/data/treatment/id?id=4 HTTP/1.1" 200 459 "-" "python-requests/2.26.0"
192.168.15.85 - - [13/May/2022:20:45:29 -0300] "GET /api/data/medication/id?id=4 HTTP/1.1" 200 398 "-" "python-requests/2.26.0"
54.88.172.228 - - [13/May/2022:20:45:23 -0300] "GET /api/data/zenbo/listTreatments/id?id=4 HTTP/1.1" 200 305 "-" "python-requests/2.25.1"
192.168.15.85 - - [13/May/2022:20:47:26 -0300] "GET /api/data/treatment/id?id=4 HTTP/1.1" 200 459 "-" "python-requests/2.26.0"
192.168.15.85 - - [13/May/2022:20:47:27 -0300] "GET /api/data/medication/id?id=4 HTTP/1.1" 200 398 "-" "python-requests/2.26.0"
54.88.172.228 - - [13/May/2022:20:47:17 -0300] "GET /api/data/zenbo/nextMedication/id?id=4 HTTP/1.1" 200 305 "-" "python-requests/2.25.1"
192.168.15.85 - - [13/May/2022:20:49:11 -0300] "GET /api/data/treatment/id?id=4 HTTP/1.1" 200 459 "-" "python-requests/2.26.0"
192.168.15.85 - - [13/May/2022:20:49:11 -0300] "GET /api/data/medication/id?id=4 HTTP/1.1" 200 398 "-" "python-requests/2.26.0"
192.168.15.85 - - [13/May/2022:20:49:35 -0300] "PUT /api/data/treatment/update HTTP/1.1" 200 320 "-" "python-requests/2.26.0"
54.88.172.228 - - [13/May/2022:20:49:06 -0300] "GET /api/data/zenbo/ingestMed?userId=4&treatmentId=4 HTTP/1.1" 200 305 "-" "python-requests/2.25.1"
192.168.7.22 - - [20/May/2022:18:56:22 -0300] "GET / HTTP/1.1" 200 2087 "-" "Mozilla/5.0 (X11; CrOS armv7l 13597.84.0) AppleWebKit/537.36 (KHTML, like Gecko) Chrome/88.0.4324.187 Safari/537.36"
192.168.7.22 - - [20/May/2022:18:56:26 -0300] "GET /favicon.ico HTTP/1.1" 404 445 "http://192.168.7.22:1515/" "Mozilla/5.0 (X11; CrOS armv7l 13597.84.0) AppleWebKit/537.36 (KHTML, like Gecko) Chrome/88.0.4324.187 Safari/537.36"
3.95.203.52 - - [20/May/2022:19:10:10 -0300] "GET /api/data/zenbo/awake HTTP/1.1" 200 305 "-" "python-requests/2.25.1"
3.95.203.52 - - [20/May/2022:19:11:06 -0300] "GET /api/data/zenbo/awake HTTP/1.1" 200 305 "-" "python-requests/2.25.1"
192.168.7.24 - - [20/May/2022:20:18:42 -0300] "POST /api/data/users/create HTTP/1.1" 200 321 "-" "PostmanRuntime/7.28.4"
192.168.7.24 - - [20/May/2022:20:19:29 -0300] "POST /api/data/medication/create HTTP/1.1" 200 321 "-" "PostmanRuntime/7.28.4"
192.168.7.24 - - [20/May/2022:20:20:46 -0300] "POST /api/data/medic/create HTTP/1.1" 200 321 "-" "PostmanRuntime/7.28.4"
192.168.7.24 - - [20/May/2022:20:22:17 -0300] "POST /api/data/appointment/create HTTP/1.1" 200 321 "-" "PostmanRuntime/7.28.4"
192.168.7.24 - - [20/May/2022:20:25:15 -0300] "POST /api/data/treatment/create HTTP/1.1" 200 321 "-" "PostmanRuntime/7.28.4"
34.238.193.107 - - [20/May/2022:20:27:56 -0300] "GET /api/data/zenbo/awake HTTP/1.1" 200 305 "-" "python-requests/2.25.1"
192.168.7.22 - - [20/May/2022:20:30:43 -0300] "GET /api/data/appointment/idDate?id=5&date=2022-05-20 HTTP/1.1" 200 392 "-" "python-requests/2.26.0"
192.168.7.22 - - [20/May/2022:20:30:43 -0300] "GET /api/data/hospital/id?id=4 HTTP/1.1" 200 418 "-" "python-requests/2.26.0"
192.168.7.22 - - [20/May/2022:20:30:43 -0300] "GET /api/data/medic/id?id=6 HTTP/1.1" 200 415 "-" "python-requests/2.26.0"
54.144.194.245 - - [20/May/2022:20:30:38 -0300] "GET /api/data/zenbo/listAppointments/id?id=5 HTTP/1.1" 200 305 "-" "python-requests/2.25.1"
192.168.7.22 - - [20/May/2022:20:31:55 -0300] "GET /api/data/appointment/week?id=5 HTTP/1.1" 200 392 "-" "python-requests/2.26.0"
192.168.7.22 - - [20/May/2022:20:31:55 -0300] "GET /api/data/hospital/id?id=4 HTTP/1.1" 200 418 "-" "python-requests/2.26.0"
192.168.7.22 - - [20/May/2022:20:31:55 -0300] "GET /api/data/medic/id?id=6 HTTP/1.1" 200 415 "-" "python-requests/2.26.0"
54.144.194.245 - - [20/May/2022:20:31:48 -0300] "GET /api/data/zenbo/listWeekAppointments/id?id=5 HTTP/1.1" 200 305 "-" "python-requests/2.25.1"
192.168.7.22 - - [20/May/2022:20:33:13 -0300] "GET /api/data/treatment/id?id=5 HTTP/1.1" 200 448 "-" "python-requests/2.26.0"
192.168.7.22 - - [20/May/2022:20:33:13 -0300] "GET /api/data/medication/id?id=5 HTTP/1.1" 200 404 "-" "python-requests/2.26.0"
54.144.194.245 - - [20/May/2022:20:33:04 -0300] "GET /api/data/zenbo/nextMedication/id?id=5 HTTP/1.1" 200 305 "-" "python-requests/2.25.1"
192.168.7.22 - - [20/May/2022:20:37:08 -0300] "GET /api/data/treatment/id?id=5 HTTP/1.1" 200 448 "-" "python-requests/2.26.0"
192.168.7.22 - - [20/May/2022:20:37:08 -0300] "GET /api/data/medication/id?id=5 HTTP/1.1" 200 404 "-" "python-requests/2.26.0"
54.144.194.245 - - [20/May/2022:20:37:02 -0300] "GET /api/data/zenbo/listTreatments/id?id=5 HTTP/1.1" 200 305 "-" "python-requests/2.25.1"
44.198.165.116 - - [26/May/2022:18:03:48 -0300] "GET /api/data/zenbo/awake HTTP/1.1" 200 305 "-" "python-requests/2.25.1"
192.168.7.24 - - [26/May/2022:18:51:39 -0300] "POST /api/data/users/create HTTP/1.1" 200 321 "-" "PostmanRuntime/7.28.4"
192.168.7.24 - - [26/May/2022:18:58:37 -0300] "POST /api/data/medication/create HTTP/1.1" 200 321 "-" "PostmanRuntime/7.28.4"
192.168.7.24 - - [26/May/2022:19:00:53 -0300] "POST /api/data/medic/create HTTP/1.1" 200 321 "-" "PostmanRuntime/7.28.4"
192.168.7.24 - - [26/May/2022:19:01:45 -0300] "POST /api/data/hospital/create HTTP/1.1" 200 321 "-" "PostmanRuntime/7.28.4"
192.168.7.24 - - [26/May/2022:19:02:58 -0300] "POST /api/data/appointment/create HTTP/1.1" 200 321 "-" "PostmanRuntime/7.28.4"
192.168.7.24 - - [26/May/2022:19:05:34 -0300] "POST /api/data/treatment/create HTTP/1.1" 200 321 "-" "PostmanRuntime/7.28.4"
44.203.26.219 - - [26/May/2022:19:07:42 -0300] "GET /api/data/zenbo/awake HTTP/1.1" 200 305 "-" "python-requests/2.25.1"
44.203.26.219 - - [26/May/2022:19:08:23 -0300] "GET /api/data/zenbo/awake HTTP/1.1" 200 305 "-" "python-requests/2.25.1"
192.168.7.22 - - [26/May/2022:19:12:00 -0300] "GET /api/data/appointment/idDate?id=6&date=2022-05-26 HTTP/1.1" 200 398 "-" "python-requests/2.26.0"
192.168.7.22 - - [26/May/2022:19:12:00 -0300] "GET /api/data/hospital/id?id=6 HTTP/1.1" 200 399 "-" "python-requests/2.26.0"
192.168.7.22 - - [26/May/2022:19:12:01 -0300] "GET /api/data/medic/id?id=7 HTTP/1.1" 200 413 "-" "python-requests/2.26.0"
44.201.72.34 - - [26/May/2022:19:11:55 -0300] "GET /api/data/zenbo/listAppointments/id?id=6 HTTP/1.1" 200 305 "-" "python-requests/2.25.1"
192.168.7.22 - - [26/May/2022:19:13:20 -0300] "GET /api/data/appointment/week?id=6 HTTP/1.1" 200 398 "-" "python-requests/2.26.0"
192.168.7.22 - - [26/May/2022:19:13:20 -0300] "GET /api/data/hospital/id?id=6 HTTP/1.1" 200 399 "-" "python-requests/2.26.0"
192.168.7.22 - - [26/May/2022:19:13:20 -0300] "GET /api/data/medic/id?id=7 HTTP/1.1" 200 413 "-" "python-requests/2.26.0"
44.201.72.34 - - [26/May/2022:19:13:13 -0300] "GET /api/data/zenbo/listWeekAppointments/id?id=6 HTTP/1.1" 200 305 "-" "python-requests/2.25.1"
192.168.7.22 - - [26/May/2022:19:16:05 -0300] "GET /api/data/treatment/id?id=6 HTTP/1.1" 200 449 "-" "python-requests/2.26.0"
192.168.7.22 - - [26/May/2022:19:16:05 -0300] "GET /api/data/medication/id?id=6 HTTP/1.1" 200 396 "-" "python-requests/2.26.0"
44.201.72.34 - - [26/May/2022:19:16:00 -0300] "GET /api/data/zenbo/listTreatments/id?id=6 HTTP/1.1" 200 305 "-" "python-requests/2.25.1"
192.168.7.22 - - [26/May/2022:19:19:04 -0300] "GET /api/data/treatment/id?id=6 HTTP/1.1" 200 449 "-" "python-requests/2.26.0"
192.168.7.22 - - [26/May/2022:19:19:05 -0300] "GET /api/data/medication/id?id=6 HTTP/1.1" 200 396 "-" "python-requests/2.26.0"
192.168.7.22 - - [26/May/2022:19:19:28 -0300] "PUT /api/data/treatment/update HTTP/1.1" 200 320 "-" "python-requests/2.26.0"
44.201.72.34 - - [26/May/2022:19:18:59 -0300] "GET /api/data/zenbo/ingestMed?userId=6&treatmentId=6 HTTP/1.1" 200 305 "-" "python-requests/2.25.1"
192.168.7.22 - - [26/May/2022:19:25:49 -0300] "GET /api/data/treatment/id?id=6 HTTP/1.1" 200 438 "-" "python-requests/2.26.0"
192.168.7.22 - - [26/May/2022:19:25:50 -0300] "GET /api/data/medication/id?id=6 HTTP/1.1" 200 396 "-" "python-requests/2.26.0"
54.82.245.94 - - [26/May/2022:19:25:41 -0300] "GET /api/data/zenbo/nextMedication/id?id=6 HTTP/1.1" 200 305 "-" "python-requests/2.25.1"
192.168.7.24 - - [07/Sep/2022:15:38:12 -0300] "GET / HTTP/1.1" 200 2087 "-" "Mozilla/5.0 (Windows NT 10.0; Win64; x64) AppleWebKit/537.36 (KHTML, like Gecko) Chrome/104.0.0.0 Safari/537.36"
192.168.7.24 - - [07/Sep/2022:15:43:28 -0300] "GET /api/data/zenbo/awake HTTP/1.1" 200 305 "-" "Mozilla/5.0 (Windows NT 10.0; Win64; x64) AppleWebKit/537.36 (KHTML, like Gecko) Chrome/104.0.0.0 Safari/537.36"
192.168.7.24 - - [07/Sep/2022:15:48:59 -0300] "GET /api/data/zenbo/awake HTTP/1.1" 200 305 "-" "Mozilla/5.0 (Windows NT 10.0; Win64; x64) AppleWebKit/537.36 (KHTML, like Gecko) Chrome/104.0.0.0 Safari/537.36"
192.168.7.24 - - [07/Sep/2022:15:49:24 -0300] "GET /api/data/zenbo/awake HTTP/1.1" 200 305 "-" "Mozilla/5.0 (Windows NT 10.0; Win64; x64) AppleWebKit/537.36 (KHTML, like Gecko) Chrome/104.0.0.0 Safari/537.36"
192.168.7.24 - - [07/Sep/2022:15:50:25 -0300] "GET /api/data/zenbo/listAppointments/id?id=2 HTTP/1.1" 200 305 "-" "Mozilla/5.0 (Windows NT 10.0; Win64; x64) AppleWebKit/537.36 (KHTML, like Gecko) Chrome/104.0.0.0 Safari/537.36"
192.168.7.24 - - [07/Sep/2022:15:51:15 -0300] "GET /api/data/zenbo/listTreatments/id?id=2 HTTP/1.1" 200 305 "-" "Mozilla/5.0 (Windows NT 10.0; Win64; x64) AppleWebKit/537.36 (KHTML, like Gecko) Chrome/104.0.0.0 Safari/537.36"
192.168.7.24 - - [07/Sep/2022:15:51:53 -0300] "GET /api/data/zenbo/zenboAwake HTTP/1.1" 404 446 "-" "Mozilla/5.0 (Windows NT 10.0; Win64; x64) AppleWebKit/537.36 (KHTML, like Gecko) Chrome/104.0.0.0 Safari/537.36"
192.168.7.24 - - [07/Sep/2022:15:52:04 -0300] "GET /api/data/zenbo/awake HTTP/1.1" 200 305 "-" "Mozilla/5.0 (Windows NT 10.0; Win64; x64) AppleWebKit/537.36 (KHTML, like Gecko) Chrome/104.0.0.0 Safari/537.36"
192.168.7.24 - - [07/Sep/2022:15:52:18 -0300] "GET /api/data/zenbo/listTreatments/id?id=3 HTTP/1.1" 200 305 "-" "Mozilla/5.0 (Windows NT 10.0; Win64; x64) AppleWebKit/537.36 (KHTML, like Gecko) Chrome/104.0.0.0 Safari/537.36"
192.168.7.23 - - [07/Sep/2022:15:53:13 -0300] "GET /api/data/treatment/id?id=3 HTTP/1.1" 200 449 "-" "python-requests/2.26.0"
192.168.7.23 - - [07/Sep/2022:15:53:13 -0300] "GET /api/data/medication/id?id=3 HTTP/1.1" 200 407 "-" "python-requests/2.26.0"
192.168.7.24 - - [07/Sep/2022:15:53:07 -0300] "GET /api/data/zenbo/listTreatments/id?id=3 HTTP/1.1" 200 305 "-" "Mozilla/5.0 (Windows NT 10.0; Win64; x64) AppleWebKit/537.36 (KHTML, like Gecko) Chrome/104.0.0.0 Safari/537.36"
192.168.7.23 - - [07/Sep/2022:15:54:19 -0300] "GET /api/data/treatment/id?id=3 HTTP/1.1" 200 449 "-" "python-requests/2.26.0"
192.168.7.23 - - [07/Sep/2022:15:54:19 -0300] "GET /api/data/medication/id?id=3 HTTP/1.1" 200 407 "-" "python-requests/2.26.0"
192.168.7.24 - - [07/Sep/2022:15:54:14 -0300] "GET /api/data/zenbo/listTreatments/id?id=3 HTTP/1.1" 200 305 "-" "Mozilla/5.0 (Windows NT 10.0; Win64; x64) AppleWebKit/537.36 (KHTML, like Gecko) Chrome/104.0.0.0 Safari/537.36"
192.168.7.24 - - [07/Sep/2022:15:55:06 -0300] "-" 408 0 "-" "-"
192.168.7.23 - - [07/Sep/2022:15:56:13 -0300] "GET /api/data/treatment/id?id=1 HTTP/1.1" 200 451 "-" "python-requests/2.26.0"
192.168.7.23 - - [07/Sep/2022:15:56:13 -0300] "GET /api/data/medication/id?id=1 HTTP/1.1" 200 411 "-" "python-requests/2.26.0"
192.168.7.23 - - [07/Sep/2022:15:56:38 -0300] "PUT /api/data/treatment/update HTTP/1.1" 200 320 "-" "python-requests/2.26.0"
192.168.7.24 - - [07/Sep/2022:15:56:08 -0300] "GET /api/data/zenbo/ingestMed?userId=1&treatmentId=1 HTTP/1.1" 200 305 "-" "Mozilla/5.0 (Windows NT 10.0; Win64; x64) AppleWebKit/537.36 (KHTML, like Gecko) Chrome/104.0.0.0 Safari/537.36"
192.168.7.24 - - [07/Sep/2022:15:57:00 -0300] "-" 408 0 "-" "-"
192.168.7.23 - - [07/Sep/2022:15:57:15 -0300] "GET /api/data/treatment/id?id=2 HTTP/1.1" 200 441 "-" "python-requests/2.26.0"
192.168.7.23 - - [07/Sep/2022:15:57:16 -0300] "GET /api/data/medication/id?id=2 HTTP/1.1" 200 397 "-" "python-requests/2.26.0"
192.168.7.23 - - [07/Sep/2022:15:57:40 -0300] "PUT /api/data/treatment/update HTTP/1.1" 200 320 "-" "python-requests/2.26.0"
192.168.7.24 - - [07/Sep/2022:15:57:10 -0300] "GET /api/data/zenbo/ingestMed?userId=2&treatmentId=2 HTTP/1.1" 200 305 "-" "Mozilla/5.0 (Windows NT 10.0; Win64; x64) AppleWebKit/537.36 (KHTML, like Gecko) Chrome/104.0.0.0 Safari/537.36"
192.168.7.24 - - [07/Sep/2022:15:57:57 -0300] "-" 408 0 "-" "-"
192.168.7.24 - - [07/Sep/2022:15:57:57 -0300] "-" 408 0 "-" "-"
192.168.7.23 - - [07/Sep/2022:15:58:12 -0300] "GET /api/data/treatment/id?id=2 HTTP/1.1" 200 441 "-" "python-requests/2.26.0"
192.168.7.23 - - [07/Sep/2022:15:58:12 -0300] "GET /api/data/medication/id?id=2 HTTP/1.1" 200 397 "-" "python-requests/2.26.0"
192.168.7.23 - - [07/Sep/2022:15:58:35 -0300] "PUT /api/data/treatment/update HTTP/1.1" 200 320 "-" "python-requests/2.26.0"
192.168.7.24 - - [07/Sep/2022:15:58:07 -0300] "GET /api/data/zenbo/ingestMed?userId=2&treatmentId=2 HTTP/1.1" 200 305 "-" "Mozilla/5.0 (Windows NT 10.0; Win64; x64) AppleWebKit/537.36 (KHTML, like Gecko) Chrome/104.0.0.0 Safari/537.36"
192.168.7.24 - - [07/Sep/2022:15:58:52 -0300] "-" 408 0 "-" "-"
192.168.7.24 - - [17/Sep/2022:14:03:17 -0300] "GET / HTTP/1.1" 200 2087 "-" "Mozilla/5.0 (Windows NT 10.0; Win64; x64) AppleWebKit/537.36 (KHTML, like Gecko) Chrome/105.0.0.0 Safari/537.36"
192.168.7.24 - - [17/Sep/2022:14:03:26 -0300] "GET / HTTP/1.1" 200 2087 "-" "Mozilla/5.0 (Windows NT 10.0; Win64; x64) AppleWebKit/537.36 (KHTML, like Gecko) Chrome/105.0.0.0 Safari/537.36"
192.168.7.24 - - [17/Sep/2022:14:03:26 -0300] "GET /favicon.ico HTTP/1.1" 404 445 "http://192.168.7.23:1515/" "Mozilla/5.0 (Windows NT 10.0; Win64; x64) AppleWebKit/537.36 (KHTML, like Gecko) Chrome/105.0.0.0 Safari/537.36"
192.168.7.24 - - [17/Sep/2022:14:04:18 -0300] "-" 408 0 "-" "-"
189.40.75.192 - - [17/Sep/2022:14:15:04 -0300] "GET / HTTP/1.1" 200 2087 "-" "Mozilla/5.0 (Linux; Android 11; Redmi Note 9S) AppleWebKit/537.36 (KHTML, like Gecko) Chrome/105.0.0.0 Mobile Safari/537.36"
189.40.75.192 - - [17/Sep/2022:14:15:06 -0300] "GET /favicon.ico HTTP/1.1" 404 445 "http://201.12.69.70:1515/" "Mozilla/5.0 (Linux; Android 11; Redmi Note 9S) AppleWebKit/537.36 (KHTML, like Gecko) Chrome/105.0.0.0 Mobile Safari/537.36"
189.40.75.192 - - [17/Sep/2022:14:15:57 -0300] "-" 408 0 "-" "-"
189.40.75.192 - - [17/Sep/2022:14:16:59 -0300] "-" 408 0 "-" "-"
189.40.75.192 - - [17/Sep/2022:14:16:59 -0300] "-" 408 0 "-" "-"
54.242.75.3 - - [17/Sep/2022:14:23:14 -0300] "GET /api/data/zenbo/awake HTTP/1.1" 200 305 "-" "python-requests/2.25.1"
54.242.75.3 - - [17/Sep/2022:14:27:50 -0300] "GET /api/data/zenbo/awake HTTP/1.1" 200 305 "-" "python-requests/2.25.1"
54.242.75.3 - - [17/Sep/2022:14:28:12 -0300] "GET /api/data/zenbo/awake HTTP/1.1" 200 305 "-" "python-requests/2.25.1"
54.242.75.3 - - [17/Sep/2022:14:33:25 -0300] "GET /api/data/zenbo/awake HTTP/1.1" 200 305 "-" "python-requests/2.25.1"
192.168.7.23 - - [17/Sep/2022:14:38:06 -0300] "GET /api/data/treatment/id?id=3 HTTP/1.1" 200 449 "-" "python-requests/2.26.0"
192.168.7.23 - - [17/Sep/2022:14:38:06 -0300] "GET /api/data/medication/id?id=3 HTTP/1.1" 200 407 "-" "python-requests/2.26.0"
54.242.75.3 - - [17/Sep/2022:14:38:01 -0300] "GET /api/data/zenbo/listTreatments/id?id=3 HTTP/1.1" 200 305 "-" "python-requests/2.25.1"
192.168.7.23 - - [17/Sep/2022:14:39:48 -0300] "GET /api/data/treatment/id?id=3 HTTP/1.1" 200 449 "-" "python-requests/2.26.0"
192.168.7.23 - - [17/Sep/2022:14:39:48 -0300] "GET /api/data/medication/id?id=3 HTTP/1.1" 200 407 "-" "python-requests/2.26.0"
54.242.75.3 - - [17/Sep/2022:14:39:43 -0300] "GET /api/data/zenbo/listTreatments/id?id=3 HTTP/1.1" 200 305 "-" "python-requests/2.25.1"
192.168.7.23 - - [17/Sep/2022:14:42:00 -0300] "GET /api/data/treatment/id?id=3 HTTP/1.1" 200 449 "-" "python-requests/2.26.0"
192.168.7.23 - - [17/Sep/2022:14:42:00 -0300] "GET /api/data/medication/id?id=3 HTTP/1.1" 200 407 "-" "python-requests/2.26.0"
54.242.75.3 - - [17/Sep/2022:14:41:55 -0300] "GET /api/data/zenbo/listTreatments/id?id=3 HTTP/1.1" 200 305 "-" "python-requests/2.25.1"
192.168.7.23 - - [17/Sep/2022:14:43:55 -0300] "GET /api/data/treatment/id?id=3 HTTP/1.1" 200 449 "-" "python-requests/2.26.0"
192.168.7.23 - - [17/Sep/2022:14:43:55 -0300] "GET /api/data/medication/id?id=3 HTTP/1.1" 200 407 "-" "python-requests/2.26.0"
54.242.75.3 - - [17/Sep/2022:14:43:50 -0300] "GET /api/data/zenbo/listTreatments/id?id=3 HTTP/1.1" 200 305 "-" "python-requests/2.25.1"
192.168.7.23 - - [17/Sep/2022:14:45:57 -0300] "GET /api/data/treatment/id?id=3 HTTP/1.1" 200 449 "-" "python-requests/2.26.0"
192.168.7.23 - - [17/Sep/2022:14:45:58 -0300] "GET /api/data/medication/id?id=3 HTTP/1.1" 200 407 "-" "python-requests/2.26.0"
192.168.7.23 - - [17/Sep/2022:14:46:23 -0300] "PUT /api/data/treatment/update HTTP/1.1" 200 320 "-" "python-requests/2.26.0"
54.242.75.3 - - [17/Sep/2022:14:45:52 -0300] "GET /api/data/zenbo/ingestMed?userId=3&treatmentId=3 HTTP/1.1" 200 305 "-" "python-requests/2.25.1"
192.168.7.23 - - [17/Sep/2022:14:47:03 -0300] "GET /api/data/treatment/id?id=3 HTTP/1.1" 200 449 "-" "python-requests/2.26.0"
192.168.7.23 - - [17/Sep/2022:14:47:03 -0300] "GET /api/data/medication/id?id=3 HTTP/1.1" 200 407 "-" "python-requests/2.26.0"
192.168.7.23 - - [17/Sep/2022:14:47:27 -0300] "PUT /api/data/treatment/update HTTP/1.1" 200 320 "-" "python-requests/2.26.0"
54.242.75.3 - - [17/Sep/2022:14:46:58 -0300] "GET /api/data/zenbo/ingestMed?userId=3&treatmentId=3 HTTP/1.1" 200 305 "-" "python-requests/2.25.1"
